<html>
<body>
<pre>
<h1>µVision Build Log</h1>
<h2>Tool Versions:</h2>
IDE-Version: ¦ÌVision V5.36.0.0
Copyright (C) 2021 ARM Ltd and ARM Germany GmbH. All rights reserved.
License Information: 1 1, 1, LIC=8VRJ7-EDMAZ-X72RZ-JEVWM-BRK7M-T3X9W
 
Tool Versions:
Toolchain:       MDK-ARM Plus  Version: 5.36.0.0
Toolchain Path:  D:\Keilv5\ARM\ARMCC\Bin
C Compiler:      Armcc.exe V5.06 update 7 (build 960)
Assembler:       Armasm.exe V5.06 update 7 (build 960)
Linker/Locator:  ArmLink.exe V5.06 update 7 (build 960)
Library Manager: ArmAr.exe V5.06 update 7 (build 960)
Hex Converter:   FromElf.exe V5.06 update 7 (build 960)
CPU DLL:         SARMCM3.DLL V5.36.0.0
Dialog DLL:      DCM.DLL V1.17.3.0
Target DLL:      CMSIS_AGDI.dll V1.33.0.0
Dialog DLL:      TCM.DLL V1.53.0.0
 
<h2>Project:</h2>
E:\Users\ayyk\Desktop\Github\NWatch\WatchX-Nwatch+stm32f1\USER\Nwatch.uvprojx
Project File Date:  08/10/2022

<h2>Output:</h2>
*** Using Compiler 'V5.06 update 7 (build 960)', folder: 'D:\Keilv5\ARM\ARMCC\Bin'
Build target 'Nwatch'
compiling stm32f10x_it.c...
compiling game1.c...
compiling system_stm32f10x.c...
compiling main.c...
compiling alarms.c...
compiling draw.c...
compiling diag.c...
compiling display.c...
compiling animation.c...
compiling appconfig.c...
compiling buttons.c...
compiling alarm.c...
..\Watch\alarm.c(37): warning:  #177-D: function "saveAlarmtoBKP"  was declared but never referenced
  static void saveAlarmtoBKP (byte num, alarm_s time)
..\Watch\alarm.c(59): warning:  #177-D: function "getAlarmfromBKP"  was declared but never referenced
  static alarm_s getAlarmfromBKP (byte num)
..\Watch\alarm.c: 2 warnings, 0 errors
compiling game2.c...
compiling game3.c...
compiling games.c...
..\Watch\games.c(49): warning:  #550-D: parameter "num"  was set but never used
  static void itemLoader(byte num)
..\Watch\games.c: 1 warning, 0 errors
compiling global.c...
compiling m_display.c...
compiling m_main.c...
compiling m_rtc.c...
compiling millis.c...
compiling menu.c...
compiling settings.c...
compiling normal.c...
compiling resources.c...
compiling sleep.c...
compiling sound.c...
compiling stopwatch.c...
compiling timedate.c...
compiling torch.c...
compiling time.c...
compiling tune.c...
compiling tunemaker.c...
compiling ui.c...
compiling battery.c...
compiling tunes.c...
compiling pwrmgr.c...
compiling watchface.c...
compiling key.c...
compiling beep.c...
compiling oled.c...
compiling iic.c...
compiling rtc.c...
compiling led.c...
compiling misc.c...
compiling wwdg.c...
compiling pcf8563_cfg.c...
compiling stmflash.c...
compiling ADC.c...
compiling stm32f10x_bkp.c...
compiling stm32f10x_cec.c...
compiling stm32f10x_adc.c...
compiling stm32f10x_crc.c...
compiling stm32f10x_dac.c...
compiling stm32f10x_dbgmcu.c...
compiling stm32f10x_dma.c...
compiling stm32f10x_exti.c...
compiling stm32f10x_can.c...
compiling stm32f10x_gpio.c...
compiling stm32f10x_fsmc.c...
compiling stm32f10x_flash.c...
assembling startup_stm32f10x_hd.s...
compiling stm32f10x_iwdg.c...
compiling stm32f10x_i2c.c...
compiling stm32f10x_rtc.c...
compiling stm32f10x_pwr.c...
compiling stm32f10x_rcc.c...
compiling stm32f10x_spi.c...
compiling stm32f10x_usart.c...
compiling core_cm3.c...
compiling stm32f10x_sdio.c...
compiling stm32f10x_wwdg.c...
compiling stm32f10x_tim.c...
compiling delay.c...
compiling sys.c...
compiling usart.c...
linking...
Program Size: Code=28236 RO-data=6044 RW-data=4696 ZI-data=4560  
FromELF: creating hex file...
"..\OBJ\Nwatch.axf" - 0 Error(s), 3 Warning(s).

<h2>Software Packages used:</h2>

Package Vendor: Keil
                http://www.keil.com/pack/Keil.STM32F1xx_DFP.2.3.0.pack
                Keil.STM32F1xx_DFP.2.3.0
                STMicroelectronics STM32F1 Series Device Support, Drivers and Examples

<h2>Collection of Component include folders:</h2>
  D:\Keilv5\Keil\STM32F1xx_DFP\2.3.0\Device\Include

<h2>Collection of Component Files used:</h2>
Build Time Elapsed:  00:00:05
</pre>
</body>
</html>
