Component: ARM Compiler 5.06 update 7 (build 960) Tool: armlink [4d3601]

==============================================================================

Section Cross References

    system_stm32f10x.o(i.SetSysClock) refers to system_stm32f10x.o(i.SetSysClockTo72) for SetSysClockTo72
    system_stm32f10x.o(i.SystemCoreClockUpdate) refers to system_stm32f10x.o(.data) for SystemCoreClock
    system_stm32f10x.o(i.SystemInit) refers to system_stm32f10x.o(i.SetSysClock) for SetSysClock
    main.o(i.c_loop) refers to time.o(i.time_update) for time_update
    main.o(i.c_loop) refers to buttons.o(i.buttons_update) for buttons_update
    main.o(i.c_loop) refers to stopwatch.o(i.stopwatch_update) for stopwatch_update
    main.o(i.c_loop) refers to alarm.o(i.alarm_update) for alarm_update
    main.o(i.c_loop) refers to display.o(i.display_update) for display_update
    main.o(i.c_setup) refers to system_stm32f10x.o(i.SystemInit) for SystemInit
    main.o(i.c_setup) refers to misc.o(i.NVIC_PriorityGroupConfig) for NVIC_PriorityGroupConfig
    main.o(i.c_setup) refers to delay.o(i.delay_init) for delay_init
    main.o(i.c_setup) refers to rt_memclr.o(.text) for __aeabi_memclr
    main.o(i.c_setup) refers to oled.o(i.OLED_Init) for OLED_Init
    main.o(i.c_setup) refers to led.o(i.led_init) for led_init
    main.o(i.c_setup) refers to appconfig.o(i.appconfig_init) for appconfig_init
    main.o(i.c_setup) refers to alarm.o(i.alarm_init) for alarm_init
    main.o(i.c_setup) refers to millis.o(i.millis_init) for millis_init
    main.o(i.c_setup) refers to display.o(i.display_set) for display_set
    main.o(i.c_setup) refers to display.o(i.display_load) for display_load
    main.o(i.c_setup) refers to oled.o(i.OLED_ColorTurn) for OLED_ColorTurn
    main.o(i.c_setup) refers to oled.o(.bss) for oledBuffer
    main.o(i.c_setup) refers to normal.o(i.watchface_normal) for watchface_normal
    main.o(i.c_setup) refers to appconfig.o(.data) for appConfig
    main.o(i.main) refers to main.o(i.c_setup) for c_setup
    main.o(i.main) refers to main.o(i.c_loop) for c_loop
    alarm.o(i.alarm_get) refers to alarm.o(.data) for eepAlarms
    alarm.o(i.alarm_getNext) refers to alarm.o(i.alarm_get) for alarm_get
    alarm.o(i.alarm_getNext) refers to alarm.o(.data) for nextAlarm
    alarm.o(i.alarm_getNextDay) refers to alarm.o(.data) for nextAlarmDay
    alarm.o(i.alarm_init) refers to alarm.o(i.getNextAlarm) for getNextAlarm
    alarm.o(i.alarm_reset) refers to rt_memclr_w.o(.text) for __aeabi_memclr4
    alarm.o(i.alarm_reset) refers to alarm.o(.data) for eepAlarms
    alarm.o(i.alarm_save) refers to alarm.o(i.getNextAlarm) for getNextAlarm
    alarm.o(i.alarm_save) refers to alarm.o(.data) for eepAlarms
    alarm.o(i.alarm_update) refers to alarm.o(i.goingOff) for goingOff
    alarm.o(i.alarm_update) refers to display.o(i.display_setDrawFunc) for display_setDrawFunc
    alarm.o(i.alarm_update) refers to buttons.o(i.buttons_setFunc) for buttons_setFunc
    alarm.o(i.alarm_update) refers to tune.o(i.tune_play) for tune_play
    alarm.o(i.alarm_update) refers to led.o(i.led_flashing) for led_flashing
    alarm.o(i.alarm_update) refers to led.o(i.led_flash) for led_flash
    alarm.o(i.alarm_update) refers to alarm.o(i.stopAlarm) for stopAlarm
    alarm.o(i.alarm_update) refers to alarm.o(.data) for alarmSetOff
    alarm.o(i.alarm_update) refers to alarm.o(i.draw) for draw
    alarm.o(i.alarm_update) refers to tunes.o(.constdata) for tuneAlarm
    alarm.o(i.alarm_updateNextAlarm) refers to alarm.o(i.getNextAlarm) for getNextAlarm
    alarm.o(i.draw) refers to millis.o(i.millis_get) for millis_get
    alarm.o(i.draw) refers to draw.o(i.draw_bitmap) for draw_bitmap
    alarm.o(i.draw) refers to time.o(i.time_timeStr) for time_timeStr
    alarm.o(i.draw) refers to draw.o(i.draw_string) for draw_string
    alarm.o(i.draw) refers to strcpy.o(.text) for strcpy
    alarm.o(i.draw) refers to resources.o(.constdata) for menu_alarm
    alarm.o(i.draw) refers to time.o(.data) for timeDate
    alarm.o(i.getAlarmfromBKP) refers to stm32f10x_rcc.o(i.RCC_APB1PeriphClockCmd) for RCC_APB1PeriphClockCmd
    alarm.o(i.getAlarmfromBKP) refers to stm32f10x_rtc.o(i.RTC_WaitForLastTask) for RTC_WaitForLastTask
    alarm.o(i.getAlarmfromBKP) refers to stm32f10x_pwr.o(i.PWR_BackupAccessCmd) for PWR_BackupAccessCmd
    alarm.o(i.getAlarmfromBKP) refers to stm32f10x_bkp.o(i.BKP_ReadBackupRegister) for BKP_ReadBackupRegister
    alarm.o(i.getAlarmfromBKP) refers to appconfig.o(.data) for BKPDataRR
    alarm.o(i.getNextAlarm) refers to time.o(i.time_timeMode) for time_timeMode
    alarm.o(i.getNextAlarm) refers to alarm.o(i.toMinutes) for toMinutes
    alarm.o(i.getNextAlarm) refers to alarm.o(i.alarm_get) for alarm_get
    alarm.o(i.getNextAlarm) refers to time.o(.data) for timeDate
    alarm.o(i.getNextAlarm) refers to alarm.o(.data) for nextAlarmDay
    alarm.o(i.goingOff) refers to time.o(i.time_timeMode) for time_timeMode
[...]
    strcpy                                   0x08000615   Thumb Code    72  strcpy.o(.text)
    strlen                                   0x0800065d   Thumb Code    62  strlen.o(.text)
    __aeabi_memset                           0x0800069b   Thumb Code    16  aeabi_memset.o(.text)
    __aeabi_memclr                           0x080006ab   Thumb Code     0  rt_memclr.o(.text)
    __rt_memclr                              0x080006ab   Thumb Code    68  rt_memclr.o(.text)
    _memset                                  0x080006af   Thumb Code     0  rt_memclr.o(.text)
    __aeabi_memclr4                          0x080006ef   Thumb Code     0  rt_memclr_w.o(.text)
    __aeabi_memclr8                          0x080006ef   Thumb Code     0  rt_memclr_w.o(.text)
    __rt_memclr_w                            0x080006ef   Thumb Code    78  rt_memclr_w.o(.text)
    _memset_w                                0x080006f3   Thumb Code     0  rt_memclr_w.o(.text)
    __use_two_region_memory                  0x0800073d   Thumb Code     2  heapauxi.o(.text)
    __rt_heap_escrow                         0x0800073f   Thumb Code     2  heapauxi.o(.text)
    __rt_heap_expand                         0x08000741   Thumb Code     2  heapauxi.o(.text)
    __I$use$semihosting                      0x08000743   Thumb Code     0  use_no_semi.o(.text)
    __use_no_semihosting_swi                 0x08000743   Thumb Code     2  use_no_semi.o(.text)
    __rt_heap_descriptor                     0x08000745   Thumb Code     8  rt_heap_descriptor_intlibspace.o(.text)
    __use_no_heap                            0x0800074d   Thumb Code     2  hguard.o(.text)
    __heap$guard                             0x0800074f   Thumb Code     2  hguard.o(.text)
    _terminate_user_alloc                    0x08000751   Thumb Code     2  init_alloc.o(.text)
    _init_user_alloc                         0x08000753   Thumb Code     2  init_alloc.o(.text)
    __Heap_Full                              0x08000755   Thumb Code    34  init_alloc.o(.text)
    __Heap_Broken                            0x08000777   Thumb Code     6  init_alloc.o(.text)
    _init_alloc                              0x0800077d   Thumb Code    94  init_alloc.o(.text)
    __Heap_Initialize                        0x080007db   Thumb Code    10  h1_init.o(.text)
    __Heap_DescSize                          0x080007e5   Thumb Code     4  h1_init.o(.text)
    __read_errno                             0x080007e9   Thumb Code    10  _rserrno.o(.text)
    __set_errno                              0x080007f3   Thumb Code    12  _rserrno.o(.text)
    _printf_int_common                       0x080007ff   Thumb Code   178  _printf_intcommon.o(.text)
    _printf_char_common                      0x080008bb   Thumb Code    32  _printf_char_common.o(.text)
    _sputc                                   0x080008e1   Thumb Code    10  _sputc.o(.text)
    _printf_cs_common                        0x080008eb   Thumb Code    20  _printf_char.o(.text)
    _printf_char                             0x080008ff   Thumb Code    16  _printf_char.o(.text)
    _printf_string                           0x0800090f   Thumb Code     8  _printf_char.o(.text)
    __user_libspace                          0x08000919   Thumb Code     8  libspace.o(.text)
    __user_perproc_libspace                  0x08000919   Thumb Code     0  libspace.o(.text)
    __user_perthread_libspace                0x08000919   Thumb Code     0  libspace.o(.text)
    __aeabi_errno_addr                       0x08000921   Thumb Code     8  rt_errno_addr_intlibspace.o(.text)
    __errno$intlibspace                      0x08000921   Thumb Code     0  rt_errno_addr_intlibspace.o(.text)
    __rt_errno_addr$intlibspace              0x08000921   Thumb Code     0  rt_errno_addr_intlibspace.o(.text)
    __Heap_ProvideMemory                     0x08000929   Thumb Code    52  h1_extend.o(.text)
    __rt_SIGRTMEM                            0x0800095d   Thumb Code    14  defsig_rtmem_outer.o(.text)
    __user_setup_stackheap                   0x0800096b   Thumb Code    74  sys_stackheap_outer.o(.text)
    exit                                     0x080009b5   Thumb Code    18  exit.o(.text)
    __sig_exit                               0x080009c7   Thumb Code    10  defsig_exit.o(.text)
    __rt_SIGRTMEM_inner                      0x080009d1   Thumb Code    22  defsig_rtmem_inner.o(.text)
    __default_signal_display                 0x08000a21   Thumb Code    50  defsig_general.o(.text)
    ADC_GetConversionValue                   0x08000a53   Thumb Code     8  stm32f10x_adc.o(i.ADC_GetConversionValue)
    ADC_GetFlagStatus                        0x08000a5b   Thumb Code    18  stm32f10x_adc.o(i.ADC_GetFlagStatus)
    ADC_RegularChannelConfig                 0x08000a6d   Thumb Code   184  stm32f10x_adc.o(i.ADC_RegularChannelConfig)
    ADC_SoftwareStartConvCmd                 0x08000b25   Thumb Code    22  stm32f10x_adc.o(i.ADC_SoftwareStartConvCmd)
    BKP_ReadBackupRegister                   0x08000b3d   Thumb Code    24  stm32f10x_bkp.o(i.BKP_ReadBackupRegister)
    BKP_WriteBackupRegister                  0x08000b59   Thumb Code    22  stm32f10x_bkp.o(i.BKP_WriteBackupRegister)
    BusFault_Handler                         0x08000b75   Thumb Code     4  stm32f10x_it.o(i.BusFault_Handler)
    CHARGING                                 0x08000b79   Thumb Code    78  adc.o(i.CHARGING)
    DebugMon_Handler                         0x08000bd1   Thumb Code     2  stm32f10x_it.o(i.DebugMon_Handler)
    EXTI0_IRQHandler                         0x08000bd3   Thumb Code    10  key.o(i.EXTI0_IRQHandler)
    EXTI2_IRQHandler                         0x08000bdd   Thumb Code    10  key.o(i.EXTI2_IRQHandler)
    EXTI3_IRQHandler                         0x08000be7   Thumb Code    10  key.o(i.EXTI3_IRQHandler)
    EXTI4_IRQHandler                         0x08000bf1   Thumb Code    10  key.o(i.EXTI4_IRQHandler)
    EXTI_ClearITPendingBit                   0x08000bfd   Thumb Code     6  stm32f10x_exti.o(i.EXTI_ClearITPendingBit)
    GPIO_Init                                0x08000c09   Thumb Code   278  stm32f10x_gpio.o(i.GPIO_Init)
    GPIO_PinRemapConfig                      0x08000d21   Thumb Code   138  stm32f10x_gpio.o(i.GPIO_PinRemapConfig)
    GPIO_ReadInputDataBit                    0x08000db1   Thumb Code    18  stm32f10x_gpio.o(i.GPIO_ReadInputDataBit)
    GPIO_ResetBits                           0x08000dc3   Thumb Code     4  stm32f10x_gpio.o(i.GPIO_ResetBits)
    GPIO_SetBits                             0x08000dc7   Thumb Code     4  stm32f10x_gpio.o(i.GPIO_SetBits)
    Get_Adc                                  0x08000dcd   Thumb Code    46  adc.o(i.Get_Adc)
    Get_Adc_Average                          0x08000e01   Thumb Code    46  adc.o(i.Get_Adc_Average)
    HardFault_Handler                        0x08000e2f   Thumb Code     4  stm32f10x_it.o(i.HardFault_Handler)
    IIC_SDA_IN                               0x08000e35   Thumb Code    24  iic.o(i.IIC_SDA_IN)
    IIC_SDA_OUT                              0x08000e51   Thumb Code    30  iic.o(i.IIC_SDA_OUT)
    IIC_Start                                0x08000e75   Thumb Code    52  iic.o(i.IIC_Start)
    IIC_Stop                                 0x08000eb1   Thumb Code    46  iic.o(i.IIC_Stop)
    IIC_Write_Byte                           0x08000ee9   Thumb Code   126  iic.o(i.IIC_Write_Byte)
    MemManage_Handler                        0x08000f71   Thumb Code     4  stm32f10x_it.o(i.MemManage_Handler)
    NMI_Handler                              0x08000f75   Thumb Code     2  stm32f10x_it.o(i.NMI_Handler)
    NVIC_Init                                0x08000f79   Thumb Code   100  misc.o(i.NVIC_Init)
    NVIC_PriorityGroupConfig                 0x08000fe9   Thumb Code    10  misc.o(i.NVIC_PriorityGroupConfig)
    OLED_Clear                               0x08000ffd   Thumb Code    18  oled.o(i.OLED_Clear)
    OLED_ColorTurn                           0x08001015   Thumb Code    36  oled.o(i.OLED_ColorTurn)
    OLED_DisplayTurn                         0x08001039   Thumb Code    44  oled.o(i.OLED_DisplayTurn)
    OLED_Init                                0x08001065   Thumb Code   306  oled.o(i.OLED_Init)
    OLED_Refresh                             0x080011a1   Thumb Code     8  oled.o(i.OLED_Refresh)
    OLED_WR_Byte                             0x080011a9   Thumb Code    92  oled.o(i.OLED_WR_Byte)
    PCF8563_SetDate                          0x08001209   Thumb Code   136  pcf8563_cfg.o(i.PCF8563_SetDate)
    PCF8563_SetTime                          0x08001295   Thumb Code    90  pcf8563_cfg.o(i.PCF8563_SetTime)
    PCF8563_Write_nByte                      0x080012f5   Thumb Code    58  pcf8563_cfg.o(i.PCF8563_Write_nByte)
    PWR_BackupAccessCmd                      0x08001331   Thumb Code     6  stm32f10x_pwr.o(i.PWR_BackupAccessCmd)
    PendSV_Handler                           0x0800133d   Thumb Code     2  stm32f10x_it.o(i.PendSV_Handler)
    RCC_APB1PeriphClockCmd                   0x08001341   Thumb Code    26  stm32f10x_rcc.o(i.RCC_APB1PeriphClockCmd)
    RCC_APB1PeriphResetCmd                   0x08001361   Thumb Code    26  stm32f10x_rcc.o(i.RCC_APB1PeriphResetCmd)
    RCC_APB2PeriphClockCmd                   0x08001381   Thumb Code    26  stm32f10x_rcc.o(i.RCC_APB2PeriphClockCmd)
    RCC_APB2PeriphResetCmd                   0x080013a1   Thumb Code    26  stm32f10x_rcc.o(i.RCC_APB2PeriphResetCmd)
    RTC_WaitForLastTask                      0x080013dd   Thumb Code    16  stm32f10x_rtc.o(i.RTC_WaitForLastTask)
    SVC_Handler                              0x080013f1   Thumb Code     2  stm32f10x_it.o(i.SVC_Handler)
    SysTick_CLKSourceConfig                  0x080014dd   Thumb Code    40  misc.o(i.SysTick_CLKSourceConfig)
    SysTick_Handler                          0x08001505   Thumb Code     2  stm32f10x_it.o(i.SysTick_Handler)
    SystemInit                               0x08001509   Thumb Code    78  system_stm32f10x.o(i.SystemInit)
    TIM2_IRQHandler                          0x08001569   Thumb Code    66  millis.o(i.TIM2_IRQHandler)
    TIM3_IRQHandler                          0x080015b9   Thumb Code    76  beep.o(i.TIM3_IRQHandler)
    TIM3_PWM_Init_Init                       0x08001619   Thumb Code   102  beep.o(i.TIM3_PWM_Init_Init)
    TIM_ClearFlag                            0x08001685   Thumb Code     6  stm32f10x_tim.o(i.TIM_ClearFlag)
    TIM_ClearITPendingBit                    0x0800168b   Thumb Code     6  stm32f10x_tim.o(i.TIM_ClearITPendingBit)
    TIM_Cmd                                  0x08001691   Thumb Code    24  stm32f10x_tim.o(i.TIM_Cmd)
    TIM_DeInit                               0x080016a9   Thumb Code   424  stm32f10x_tim.o(i.TIM_DeInit)
    TIM_GetITStatus                          0x08001891   Thumb Code    34  stm32f10x_tim.o(i.TIM_GetITStatus)
    TIM_ITConfig                             0x080018b3   Thumb Code    18  stm32f10x_tim.o(i.TIM_ITConfig)
    TIM_TimeBaseInit                         0x080018c5   Thumb Code   122  stm32f10x_tim.o(i.TIM_TimeBaseInit)
    USART1_IRQHandler                        0x08001969   Thumb Code   122  usart.o(i.USART1_IRQHandler)
    USART_GetITStatus                        0x080019f1   Thumb Code    84  stm32f10x_usart.o(i.USART_GetITStatus)
    USART_ReceiveData                        0x08001a45   Thumb Code    10  stm32f10x_usart.o(i.USART_ReceiveData)
    UsageFault_Handler                       0x08001a4f   Thumb Code     4  stm32f10x_it.o(i.UsageFault_Handler)
    WWDG_ClearFlag                           0x08001a55   Thumb Code     8  stm32f10x_wwdg.o(i.WWDG_ClearFlag)
    WWDG_IRQHandler                          0x08001a61   Thumb Code    16  wwdg.o(i.WWDG_IRQHandler)
    WWDG_SetCounter                          0x08001a75   Thumb Code    10  stm32f10x_wwdg.o(i.WWDG_SetCounter)
    __ARM_fpclassify                         0x08001ba9   Thumb Code    40  fpclassify.o(i.__ARM_fpclassify)
    __ieee754_rem_pio2                       0x08001bed   Thumb Code   828  rred.o(i.__ieee754_rem_pio2)
    __kernel_cos                             0x08001f75   Thumb Code   230  cos_i.o(i.__kernel_cos)
    __kernel_poly                            0x08002071   Thumb Code   170  poly.o(i.__kernel_poly)
    __kernel_sin                             0x0800211d   Thumb Code   224  sin_i.o(i.__kernel_sin)
    __mathlib_dbl_infnan                     0x08002209   Thumb Code     6  dunder.o(i.__mathlib_dbl_infnan)
    __mathlib_dbl_invalid                    0x0800220f   Thumb Code    12  dunder.o(i.__mathlib_dbl_invalid)
    __mathlib_dbl_underflow                  0x0800221d   Thumb Code    10  dunder.o(i.__mathlib_dbl_underflow)
    _is_digit                                0x0800222d   Thumb Code    14  __printf_wp.o(i._is_digit)
    _sys_exit                                0x0800223b   Thumb Code     8  usart.o(i._sys_exit)
    _ttywrch                                 0x08002243   Thumb Code     8  usart.o(i._ttywrch)
    addBackOption                            0x0800224d   Thumb Code    22  menu.o(i.addBackOption)
    alarm_get                                0x08002275   Thumb Code    18  alarm.o(i.alarm_get)
    alarm_getNext                            0x0800228d   Thumb Code    30  alarm.o(i.alarm_getNext)
    alarm_init                               0x080022b1   Thumb Code     8  alarm.o(i.alarm_init)
    alarm_reset                              0x080022b9   Thumb Code    12  alarm.o(i.alarm_reset)
    alarm_save                               0x080022c9   Thumb Code    28  alarm.o(i.alarm_save)
    alarm_update                             0x080022e9   Thumb Code   134  alarm.o(i.alarm_update)
    alarm_updateNextAlarm                    0x08002395   Thumb Code     8  alarm.o(i.alarm_updateNextAlarm)
    animation_active                         0x08002565   Thumb Code     6  animation.o(i.animation_active)
    animation_movingOn                       0x08002571   Thumb Code    14  animation.o(i.animation_movingOn)
    animation_offsetY                        0x08002585   Thumb Code     6  animation.o(i.animation_offsetY)
    animation_start                          0x08002591   Thumb Code    36  animation.o(i.animation_start)
    animation_update                         0x080025b9   Thumb Code   146  animation.o(i.animation_update)
    appconfig_init                           0x08002651   Thumb Code   422  appconfig.o(i.appconfig_init)
    appconfig_reset                          0x08002805   Thumb Code    44  appconfig.o(i.appconfig_reset)
    appconfig_save                           0x08002835   Thumb Code   220  appconfig.o(i.appconfig_save)
    back                                     0x0800291d   Thumb Code    26  menu.o(i.back)
    battery_setUpdate                        0x08002945   Thumb Code    14  battery.o(i.battery_setUpdate)
    battery_update                           0x08002961   Thumb Code    56  battery.o(i.battery_update)
    battery_updateNow                        0x080029a5   Thumb Code    18  battery.o(i.battery_updateNow)
    battery_voltage                          0x080029bd   Thumb Code     6  battery.o(i.battery_voltage)
    beginAnimation                           0x080029c9   Thumb Code    14  menu.o(i.beginAnimation)
    beginAnimation2                          0x080029d7   Thumb Code    14  menu.o(i.beginAnimation2)
    buttons_setFunc                          0x08002aa1   Thumb Code    20  buttons.o(i.buttons_setFunc)
    buttons_setFuncs                         0x08002ab9   Thumb Code    10  buttons.o(i.buttons_setFuncs)
    buttons_update                           0x08002ac9   Thumb Code    30  buttons.o(i.buttons_update)
    buzzer_buzz                              0x08002aed   Thumb Code   172  beep.o(i.buzzer_buzz)
    c_loop                                   0x08002bbd   Thumb Code    24  main.o(i.c_loop)
    c_setup                                  0x08002bd5   Thumb Code    68  main.o(i.c_setup)
    delay_init                               0x08002e1d   Thumb Code    50  delay.o(i.delay_init)
    delay_ms                                 0x08002e61   Thumb Code    72  delay.o(i.delay_ms)
    delay_us                                 0x08002ead   Thumb Code    72  delay.o(i.delay_us)
    display_load                             0x08002ef9   Thumb Code    16  display.o(i.display_load)
    display_set                              0x08002f0d   Thumb Code     6  display.o(i.display_set)
    display_setDrawFunc                      0x08002f19   Thumb Code    10  display.o(i.display_setDrawFunc)
    display_update                           0x08002f29   Thumb Code   172  display.o(i.display_update)
    div10                                    0x08002fed   Thumb Code    12  global.o(i.div10)
    doAction                                 0x08002ff9   Thumb Code    18  menu.o(i.doAction)
    draw                                     0x08003329   Thumb Code   906  watchface.o(i.draw)
    drawBattery                              0x08003705   Thumb Code    66  ui.o(i.drawBattery)
    draw_bitmap                              0x080039dd   Thumb Code   420  draw.o(i.draw_bitmap)
    draw_clearArea                           0x08003b85   Thumb Code    40  draw.o(i.draw_clearArea)
    draw_end                                 0x08003bb1   Thumb Code     8  draw.o(i.draw_end)
    draw_string                              0x08003bb9   Thumb Code   122  draw.o(i.draw_string)
    exitSelected                             0x08003c71   Thumb Code    20  menu.o(i.exitSelected)
    led_flash                                0x08004085   Thumb Code    52  led.o(i.led_flash)
    led_flashing                             0x080040c5   Thumb Code    20  led.o(i.led_flashing)
    led_init                                 0x080040e1   Thumb Code    48  led.o(i.led_init)
    mAlarmsOpen                              0x0800413d   Thumb Code    42  alarms.o(i.mAlarmsOpen)
    mDiagOpen                                0x08004189   Thumb Code    50  diag.o(i.mDiagOpen)
    mDisplayOpen                             0x080041e1   Thumb Code    42  m_display.o(i.mDisplayOpen)
    mMainOpen                                0x08004291   Thumb Code    20  m_main.o(i.mMainOpen)
    mSettingsOpen                            0x08004401   Thumb Code    42  settings.o(i.mSettingsOpen)
    mSleepOpen                               0x08004451   Thumb Code    48  sleep.o(i.mSleepOpen)
    mSoundOpen                               0x080044a9   Thumb Code    46  sound.o(i.mSoundOpen)
    mTimeDateOpen                            0x080044f9   Thumb Code    74  timedate.o(i.mTimeDateOpen)
    main                                     0x080045a9   Thumb Code    12  main.o(i.main)
    menu_close                               0x080046d1   Thumb Code    20  menu.o(i.menu_close)
    menu_down                                0x080046e9   Thumb Code    14  menu.o(i.menu_down)
    menu_draw                                0x080046fd   Thumb Code    50  menu.o(i.menu_draw)
    menu_select                              0x080048a9   Thumb Code    48  menu.o(i.menu_select)
    menu_up                                  0x080048dd   Thumb Code    14  menu.o(i.menu_up)
    millis_get                               0x080048f1   Thumb Code     6  millis.o(i.millis_get)
    millis_init                              0x080048fd   Thumb Code   116  millis.o(i.millis_init)
    mod10                                    0x08004971   Thumb Code    16  global.o(i.mod10)
    nextOption                               0x080049dd   Thumb Code    34  menu.o(i.nextOption)
    oled_flush                               0x08004a05   Thumb Code    82  oled.o(i.oled_flush)
    prevOption                               0x08004a5d   Thumb Code    38  menu.o(i.prevOption)
    pwrmgr_setState                          0x08004b59   Thumb Code     6  pwrmgr.o(i.pwrmgr_setState)
    rtc_save                                 0x08004b75   Thumb Code    32  m_rtc.o(i.rtc_save)
    rtc_tempUpdate                           0x08004b95   Thumb Code     2  m_rtc.o(i.rtc_tempUpdate)
    save_rtc                                 0x08004bd5   Thumb Code    82  rtc.o(i.save_rtc)
    setMenuFuncs                             0x08005075   Thumb Code    14  menu.o(i.setMenuFuncs)
    setMenuInfo                              0x08005089   Thumb Code    32  menu.o(i.setMenuInfo)
    setMenuOption                            0x080050ad   Thumb Code   244  menu.o(i.setMenuOption)
    setMenuOption_P                          0x080051bd   Thumb Code    48  menu.o(i.setMenuOption_P)
    setPrevMenuExit                          0x08005341   Thumb Code    30  menu.o(i.setPrevMenuExit)
    setPrevMenuOpen                          0x08005365   Thumb Code    26  menu.o(i.setPrevMenuOpen)
    sin                                      0x080054a1   Thumb Code   150  sin.o(i.sin)
    stopwatch_active                         0x080055bd   Thumb Code    14  stopwatch.o(i.stopwatch_active)
    stopwatch_open                           0x080055d1   Thumb Code    24  stopwatch.o(i.stopwatch_open)
    stopwatch_update                         0x080055f9   Thumb Code    56  stopwatch.o(i.stopwatch_update)
    time_dow                                 0x08005ec5   Thumb Code   100  time.o(i.time_dow)
    time_isLeapYear                          0x08005f29   Thumb Code    26  time.o(i.time_isLeapYear)
    time_monthDayCount                       0x08005f45   Thumb Code    28  time.o(i.time_monthDayCount)
    time_set                                 0x08005f65   Thumb Code    42  time.o(i.time_set)
    time_timeMode                            0x08005f99   Thumb Code    84  time.o(i.time_timeMode)
    time_timeStr                             0x08005fed   Thumb Code    26  time.o(i.time_timeStr)
    time_update                              0x08006021   Thumb Code   176  time.o(i.time_update)
    tune_play                                0x080060f9   Thumb Code    44  tune.o(i.tune_play)
    tune_stop                                0x08006135   Thumb Code    26  tune.o(i.tune_stop)
    watchfaceOpen                            0x0800622d   Thumb Code    34  watchface.o(i.watchfaceOpen)
    watchface_normal                         0x08006265   Thumb Code    20  normal.o(i.watchface_normal)
    __aeabi_d2f                              0x08006289   Thumb Code     0  d2f.o(x$fpl$d2f)
    _d2f                                     0x08006289   Thumb Code    98  d2f.o(x$fpl$d2f)
    __aeabi_dadd                             0x080062ed   Thumb Code     0  daddsub_clz.o(x$fpl$dadd)
    _dadd                                    0x080062ed   Thumb Code   332  daddsub_clz.o(x$fpl$dadd)
    __fpl_dcheck_NaN1                        0x0800643d   Thumb Code    10  dcheck1.o(x$fpl$dcheck1)
    __aeabi_ddiv                             0x0800644d   Thumb Code     0  ddiv.o(x$fpl$ddiv)
    _ddiv                                    0x0800644d   Thumb Code   552  ddiv.o(x$fpl$ddiv)
    __aeabi_d2iz                             0x080066fd   Thumb Code     0  dfix.o(x$fpl$dfix)
    _dfix                                    0x080066fd   Thumb Code    94  dfix.o(x$fpl$dfix)
    __aeabi_d2uiz                            0x0800675d   Thumb Code     0  dfixu.o(x$fpl$dfixu)
    _dfixu                                   0x0800675d   Thumb Code    90  dfixu.o(x$fpl$dfixu)
    __aeabi_i2d                              0x080067b7   Thumb Code     0  dflt_clz.o(x$fpl$dflt)
    _dflt                                    0x080067b7   Thumb Code    46  dflt_clz.o(x$fpl$dflt)
    __aeabi_ui2d                             0x080067e5   Thumb Code     0  dflt_clz.o(x$fpl$dfltu)
    _dfltu                                   0x080067e5   Thumb Code    38  dflt_clz.o(x$fpl$dfltu)
    __aeabi_dmul                             0x0800680d   Thumb Code     0  dmul.o(x$fpl$dmul)
    _dmul                                    0x0800680d   Thumb Code   332  dmul.o(x$fpl$dmul)
    __fpl_dnaninf                            0x08006961   Thumb Code   156  dnaninf.o(x$fpl$dnaninf)
    __fpl_dretinf                            0x080069fd   Thumb Code    12  dretinf.o(x$fpl$dretinf)
    __aeabi_drsub                            0x08006a09   Thumb Code     0  daddsub_clz.o(x$fpl$drsb)
    _drsb                                    0x08006a09   Thumb Code    22  daddsub_clz.o(x$fpl$drsb)
    __aeabi_dsub                             0x08006a21   Thumb Code     0  daddsub_clz.o(x$fpl$dsub)
    _dsub                                    0x08006a21   Thumb Code   464  daddsub_clz.o(x$fpl$dsub)
    __aeabi_f2d                              0x08006bf5   Thumb Code     0  f2d.o(x$fpl$f2d)
    _f2d                                     0x08006bf5   Thumb Code    86  f2d.o(x$fpl$f2d)
    __aeabi_fdiv                             0x08006c4d   Thumb Code     0  fdiv.o(x$fpl$fdiv)
    _fdiv                                    0x08006c4d   Thumb Code   384  fdiv.o(x$fpl$fdiv)
    __aeabi_ui2f                             0x08006dd1   Thumb Code     0  fflt_clz.o(x$fpl$ffltu)
    _ffltu                                   0x08006dd1   Thumb Code    38  fflt_clz.o(x$fpl$ffltu)
    __fpl_fnaninf                            0x08006df7   Thumb Code   140  fnaninf.o(x$fpl$fnaninf)
    __fpl_fretinf                            0x08006e83   Thumb Code    10  fretinf.o(x$fpl$fretinf)
    __fpl_return_NaN                         0x08006e8d   Thumb Code   100  retnan.o(x$fpl$retnan)
    __ARM_scalbn                             0x08006ef1   Thumb Code    92  scalbn.o(x$fpl$scalbn)
    __fpl_cmpreturn                          0x08006f4d   Thumb Code    48  trapv.o(x$fpl$trapveneer)
    __I$use$fp                               0x08006f7c   Number         0  usenofp.o(x$fpl$usenofp)
    menuBack                                 0x08006f7c   Data           5  menu.o(.constdata)
    dowChars                                 0x08006f81   Data           8  resources.o(.constdata)
    days                                     0x08006f89   Data          28  resources.o(.constdata)
    months                                   0x08006fa5   Data          48  resources.o(.constdata)
    livesImg                                 0x08006fd5   Data           7  resources.o(.constdata)
    stopwatch                                0x08006fdc   Data           8  resources.o(.constdata)
    dowImg                                   0x08006fe4   Data          56  resources.o(.constdata)
    menu_tunemaker                           0x0800701c   Data         128  resources.o(.constdata)
    menu_timedate                            0x0800709c   Data         128  resources.o(.constdata)
    menu_sleep                               0x0800711c   Data         128  resources.o(.constdata)
    menu_sound                               0x0800719c   Data         128  resources.o(.constdata)
    menu_games                               0x0800721c   Data         128  resources.o(.constdata)
    menu_brightness                          0x0800729c   Data         512  resources.o(.constdata)
    menu_LEDs                                0x0800749c   Data         256  resources.o(.constdata)
    menu_invert                              0x0800759c   Data         128  resources.o(.constdata)
    menu_rotate                              0x0800761c   Data         128  resources.o(.constdata)
    menu_anim                                0x0800769c   Data         256  resources.o(.constdata)
    menu_volume                              0x0800779c   Data         512  resources.o(.constdata)
    menu_display                             0x0800799c   Data         128  resources.o(.constdata)
    menu_sleeptimeout                        0x08007a1c   Data         128  resources.o(.constdata)
    usbIcon                                  0x08007a9c   Data          16  resources.o(.constdata)
    battIconEmpty                            0x08007aac   Data          16  resources.o(.constdata)
    battIconLow                              0x08007abc   Data          16  resources.o(.constdata)
    battIconHigh                             0x08007acc   Data          16  resources.o(.constdata)
    battIconFull                             0x08007adc   Data          16  resources.o(.constdata)
    chargeIcon                               0x08007aec   Data           8  resources.o(.constdata)
    smallFont                                0x08007af4   Data         485  resources.o(.constdata)
    midFont                                  0x08007cd9   Data         570  resources.o(.constdata)
    small2Font                               0x08007f13   Data         220  resources.o(.constdata)
    colon                                    0x08007fef   Data          18  resources.o(.constdata)
    selectbar_top                            0x08008001   Data          36  resources.o(.constdata)
    selectbar_bottom                         0x08008025   Data          36  resources.o(.constdata)
    menu_alarm                               0x08008049   Data         128  resources.o(.constdata)
    menu_default                             0x080080c9   Data         128  resources.o(.constdata)
    menu_stopwatch                           0x08008149   Data         128  resources.o(.constdata)
    menu_torch                               0x080081c9   Data         128  resources.o(.constdata)
    menu_settings                            0x08008249   Data         128  resources.o(.constdata)
    menu_diagnostic                          0x080082c9   Data         128  resources.o(.constdata)
    menu_exit                                0x08008349   Data         128  resources.o(.constdata)
    tuneUsbPlugin                            0x080083d6   Data          12  tunes.o(.constdata)
    tuneUsbUnplug                            0x080083e2   Data          12  tunes.o(.constdata)
    tuneUsbCharged                           0x080083ee   Data          14  tunes.o(.constdata)
    tuneHour                                 0x080083fc   Data           8  tunes.o(.constdata)
    tuneAlarm                                0x08008404   Data          18  tunes.o(.constdata)
    tuneBtn1                                 0x08008416   Data           8  tunes.o(.constdata)
    tuneBtn2                                 0x0800841e   Data           8  tunes.o(.constdata)
    tuneBtn3                                 0x08008426   Data           8  tunes.o(.constdata)
    Region$$Table$$Base                      0x080085c8   Number         0  anon$$obj.o(Region$$Table)
    Region$$Table$$Limit                     0x080085e8   Number         0  anon$$obj.o(Region$$Table)
    SystemCoreClock                          0x20000000   Data           4  system_stm32f10x.o(.data)
    AHBPrescTable                            0x20000004   Data          16  system_stm32f10x.o(.data)
    appConfig                                0x2000004a   Data           8  appconfig.o(.data)
    BKPDataRR                                0x20000052   Data          46  appconfig.o(.data)
    setting                                  0x200000ac   Data           2  menu.o(.data)
    milliseconds                             0x200000b8   Data           4  millis.o(.data)
    timeDate                                 0x200000f0   Data           8  time.o(.data)
    update                                   0x200000f8   Data           1  time.o(.data)
    vertices                                 0x20000128   Data        4320  watchface.o(.data)
    iAng1                                    0x20001208   Data           1  watchface.o(.data)
    Cnt1                                     0x2000120c   Data           4  watchface.o(.data)
    Cnt1v                                    0x20001210   Data           4  watchface.o(.data)
    x11                                      0x20001214   Data           1  watchface.o(.data)
    x21                                      0x20001215   Data           1  watchface.o(.data)
    y11                                      0x20001216   Data           1  watchface.o(.data)
    y21                                      0x20001217   Data           1  watchface.o(.data)
    buffer1                                  0x2000123c   Data           4  pcf8563_cfg.o(.data)
    buffer                                   0x20001240   Data           4  pcf8563_cfg.o(.data)
    UDADDR                                   0x20001244   Data           1  adc.o(.data)
    WWDG_CNT                                 0x2000124a   Data           1  wwdg.o(.data)
    __stdout                                 0x20001250   Data           4  usart.o(.data)
    USART_RX_STA                             0x20001254   Data           2  usart.o(.data)
    BKPbuf                                   0x20001264   Data          16  appconfig.o(.bss)
    menuData                                 0x200012b4   Data          36  menu.o(.bss)
    vert1                                    0x200012e1   Data          24  watchface.o(.bss)
    __OLED_GRAM                              0x200012f9   Data         512  watchface.o(.bss)
    OLED_GRAM                                0x200014f9   Data        1024  oled.o(.bss)
    oledBuffer                               0x200018f9   Data        1024  oled.o(.bss)
    USART_RX_BUF                             0x20001cf9   Data         200  usart.o(.bss)
    __libspace_start                         0x20001dc4   Data          96  libspace.o(.bss)
    __temporary_stack_top$libspace           0x20001e24   Data           0  libspace.o(.bss)



==============================================================================

Memory Map of the image

  Image Entry point : 0x08000131

  Load Region LR_IROM1 (Base: 0x08000000, Size: 0x00009840, Max: 0x00080000, ABSOLUTE, COMPRESSED[0x0000946c])

    Execution Region ER_IROM1 (Exec base: 0x08000000, Load base: 0x08000000, Size: 0x000085e8, Max: 0x00080000, ABSOLUTE)

    Exec Addr    Load Addr    Size         Type   Attr      Idx    E Section Name        Object

    0x08000000   0x08000000   0x00000130   Data   RO         5529    RESET               startup_stm32f10x_hd.o
    0x08000130   0x08000130   0x00000008   Code   RO         5736  * !!!main             c_w.l(__main.o)
    0x08000138   0x08000138   0x00000034   Code   RO         6054    !!!scatter          c_w.l(__scatter.o)
    0x0800016c   0x0800016c   0x00000064   Code   RO         6052    !!dclz77c           c_w.l(__dclz77c.o)
    0x080001d0   0x080001d0   0x0000001c   Code   RO         6056    !!handler_zi        c_w.l(__scatter_zi.o)
    0x080001ec   0x080001ec   0x00000000   Code   RO         5723    .ARM.Collect$$_printf_percent$$00000000  c_w.l(_printf_percent.o)
    0x080001ec   0x080001ec   0x00000006   Code   RO         5721    .ARM.Collect$$_printf_percent$$00000009  c_w.l(_printf_d.o)
    0x080001f2   0x080001f2   0x00000006   Code   RO         5722    .ARM.Collect$$_printf_percent$$0000000A  c_w.l(_printf_u.o)
    0x080001f8   0x080001f8   0x00000006   Code   RO         5719    .ARM.Collect$$_printf_percent$$00000013  c_w.l(_printf_c.o)
    0x080001fe   0x080001fe   0x00000006   Code   RO         5720    .ARM.Collect$$_printf_percent$$00000014  c_w.l(_printf_s.o)
    0x08000204   0x08000204   0x00000004   Code   RO         5822    .ARM.Collect$$_printf_percent$$00000017  c_w.l(_printf_percent_end.o)
    0x08000208   0x08000208   0x00000002   Code   RO         5987    .ARM.Collect$$libinit$$00000000  c_w.l(libinit.o)
    0x0800020a   0x0800020a   0x00000000   Code   RO         5828    .ARM.Collect$$libinit$$00000002  c_w.l(libinit2.o)
    0x0800020a   0x0800020a   0x00000000   Code   RO         5830    .ARM.Collect$$libinit$$00000004  c_w.l(libinit2.o)
    0x0800020a   0x0800020a   0x00000008   Code   RO         5831    .ARM.Collect$$libinit$$00000005  c_w.l(libinit2.o)
    0x08000212   0x08000212   0x00000000   Code   RO         5833    .ARM.Collect$$libinit$$0000000A  c_w.l(libinit2.o)
    0x08000212   0x08000212   0x00000000   Code   RO         5835    .ARM.Collect$$libinit$$0000000C  c_w.l(libinit2.o)
    0x08000212   0x08000212   0x00000000   Code   RO         5837    .ARM.Collect$$libinit$$0000000E  c_w.l(libinit2.o)
    0x08000212   0x08000212   0x00000000   Code   RO         5840    .ARM.Collect$$libinit$$00000011  c_w.l(libinit2.o)
    0x08000212   0x08000212   0x00000000   Code   RO         5842    .ARM.Collect$$libinit$$00000013  c_w.l(libinit2.o)
    0x08000212   0x08000212   0x00000000   Code   RO         5844    .ARM.Collect$$libinit$$00000015  c_w.l(libinit2.o)
    0x08000212   0x08000212   0x00000000   Code   RO         5846    .ARM.Collect$$libinit$$00000017  c_w.l(libinit2.o)
    0x08000212   0x08000212   0x00000000   Code   RO         5848    .ARM.Collect$$libinit$$00000019  c_w.l(libinit2.o)
    0x08000212   0x08000212   0x00000000   Code   RO         5850    .ARM.Collect$$libinit$$0000001B  c_w.l(libinit2.o)
    0x08000212   0x08000212   0x00000000   Code   RO         5852    .ARM.Collect$$libinit$$0000001D  c_w.l(libinit2.o)
    0x08000212   0x08000212   0x00000000   Code   RO         5854    .ARM.Collect$$libinit$$0000001F  c_w.l(libinit2.o)
    0x08000212   0x08000212   0x00000000   Code   RO         5856    .ARM.Collect$$libinit$$00000021  c_w.l(libinit2.o)
    0x08000212   0x08000212   0x00000000   Code   RO         5858    .ARM.Collect$$libinit$$00000023  c_w.l(libinit2.o)
    0x08000212   0x08000212   0x00000000   Code   RO         5860    .ARM.Collect$$libinit$$00000025  c_w.l(libinit2.o)
    0x08000212   0x08000212   0x00000000   Code   RO         5864    .ARM.Collect$$libinit$$0000002C  c_w.l(libinit2.o)
    0x08000212   0x08000212   0x00000000   Code   RO         5866    .ARM.Collect$$libinit$$0000002E  c_w.l(libinit2.o)
    0x08000212   0x08000212   0x00000000   Code   RO         5868    .ARM.Collect$$libinit$$00000030  c_w.l(libinit2.o)
    0x08000212   0x08000212   0x00000000   Code   RO         5870    .ARM.Collect$$libinit$$00000032  c_w.l(libinit2.o)
    0x08000212   0x08000212   0x00000002   Code   RO         5871    .ARM.Collect$$libinit$$00000033  c_w.l(libinit2.o)
    0x08000214   0x08000214   0x00000002   Code   RO         6049    .ARM.Collect$$libshutdown$$00000000  c_w.l(libshutdown.o)
    0x08000216   0x08000216   0x00000000   Code   RO         6001    .ARM.Collect$$libshutdown$$00000002  c_w.l(libshutdown2.o)
    0x08000216   0x08000216   0x00000000   Code   RO         6003    .ARM.Collect$$libshutdown$$00000004  c_w.l(libshutdown2.o)
    0x08000216   0x08000216   0x00000000   Code   RO         6005    .ARM.Collect$$libshutdown$$00000006  c_w.l(libshutdown2.o)
    0x08000216   0x08000216   0x00000000   Code   RO         6008    .ARM.Collect$$libshutdown$$00000009  c_w.l(libshutdown2.o)
    0x08000216   0x08000216   0x00000000   Code   RO         6011    .ARM.Collect$$libshutdown$$0000000C  c_w.l(libshutdown2.o)
    0x08000216   0x08000216   0x00000000   Code   RO         6013    .ARM.Collect$$libshutdown$$0000000E  c_w.l(libshutdown2.o)
    0x08000216   0x08000216   0x00000000   Code   RO         6016    .ARM.Collect$$libshutdown$$00000011  c_w.l(libshutdown2.o)
    0x08000216   0x08000216   0x00000002   Code   RO         6017    .ARM.Collect$$libshutdown$$00000012  c_w.l(libshutdown2.o)
    0x08000218   0x08000218   0x00000000   Code   RO         5786    .ARM.Collect$$rtentry$$00000000  c_w.l(__rtentry.o)
    0x08000218   0x08000218   0x00000000   Code   RO         5915    .ARM.Collect$$rtentry$$00000002  c_w.l(__rtentry2.o)
    0x08000218   0x08000218   0x00000006   Code   RO         5927    .ARM.Collect$$rtentry$$00000004  c_w.l(__rtentry4.o)
    0x0800021e   0x0800021e   0x00000000   Code   RO         5917    .ARM.Collect$$rtentry$$00000009  c_w.l(__rtentry2.o)
    0x0800021e   0x0800021e   0x00000004   Code   RO         5918    .ARM.Collect$$rtentry$$0000000A  c_w.l(__rtentry2.o)
    0x08000222   0x08000222   0x00000000   Code   RO         5920    .ARM.Collect$$rtentry$$0000000C  c_w.l(__rtentry2.o)
    0x08000222   0x08000222   0x00000008   Code   RO         5921    .ARM.Collect$$rtentry$$0000000D  c_w.l(__rtentry2.o)
    0x0800022a   0x0800022a   0x00000002   Code   RO         5990    .ARM.Collect$$rtexit$$00000000  c_w.l(rtexit.o)
    0x0800022c   0x0800022c   0x00000000   Code   RO         6021    .ARM.Collect$$rtexit$$00000002  c_w.l(rtexit2.o)
    0x0800022c   0x0800022c   0x00000004   Code   RO         6022    .ARM.Collect$$rtexit$$00000003  c_w.l(rtexit2.o)
    0x08000230   0x08000230   0x00000006   Code   RO         6023    .ARM.Collect$$rtexit$$00000004  c_w.l(rtexit2.o)
    0x08000236   0x08000236   0x00000002   PAD
    0x08000238   0x08000238   0x00000000   Code   RO         5936    .emb_text           c_w.l(maybetermalloc1.o)
    0x08000238   0x08000238   0x00000040   Code   RO         5530    .text               startup_stm32f10x_hd.o
    0x08000278   0x08000278   0x00000002   Code   RO         5621    .text               c_w.l(use_no_semi_2.o)
    0x0800027a   0x0800027a   0x0000005e   Code   RO         5627    .text               c_w.l(h1_alloc.o)
    0x080002d8   0x080002d8   0x0000004e   Code   RO         5629    .text               c_w.l(h1_free.o)
    0x08000326   0x08000326   0x00000002   PAD
    0x08000328   0x08000328   0x00000028   Code   RO         5687    .text               c_w.l(noretval__2sprintf.o)
    0x08000350   0x08000350   0x0000004e   Code   RO         5691    .text               c_w.l(_printf_pad.o)
    0x0800039e   0x0800039e   0x00000024   Code   RO         5693    .text               c_w.l(_printf_truncate.o)
    0x080003c2   0x080003c2   0x00000052   Code   RO         5695    .text               c_w.l(_printf_str.o)
    0x08000414   0x08000414   0x00000078   Code   RO         5697    .text               c_w.l(_printf_dec.o)
    0x0800048c   0x0800048c   0x00000188   Code   RO         5716    .text               c_w.l(__printf_flags_ss_wp.o)
    0x08000614   0x08000614   0x00000048   Code   RO         5724    .text               c_w.l(strcpy.o)
    0x0800065c   0x0800065c   0x0000003e   Code   RO         5726    .text               c_w.l(strlen.o)
    0x0800069a   0x0800069a   0x00000010   Code   RO         5728    .text               c_w.l(aeabi_memset.o)
    0x080006aa   0x080006aa   0x00000044   Code   RO         5730    .text               c_w.l(rt_memclr.o)
    0x080006ee   0x080006ee   0x0000004e   Code   RO         5732    .text               c_w.l(rt_memclr_w.o)
    0x0800073c   0x0800073c   0x00000006   Code   RO         5734    .text               c_w.l(heapauxi.o)
    0x08000742   0x08000742   0x00000002   Code   RO         5782    .text               c_w.l(use_no_semi.o)
    0x08000744   0x08000744   0x00000008   Code   RO         5790    .text               c_w.l(rt_heap_descriptor_intlibspace.o)
    0x0800074c   0x0800074c   0x00000004   Code   RO         5792    .text               c_w.l(hguard.o)
    0x08000750   0x08000750   0x0000008a   Code   RO         5794    .text               c_w.l(init_alloc.o)
    0x080007da   0x080007da   0x0000000e   Code   RO         5798    .text               c_w.l(h1_init.o)
    0x080007e8   0x080007e8   0x00000016   Code   RO         5812    .text               c_w.l(_rserrno.o)
    0x080007fe   0x080007fe   0x000000b2   Code   RO         5814    .text               c_w.l(_printf_intcommon.o)
    0x080008b0   0x080008b0   0x00000030   Code   RO         5816    .text               c_w.l(_printf_char_common.o)
    0x080008e0   0x080008e0   0x0000000a   Code   RO         5818    .text               c_w.l(_sputc.o)
    0x080008ea   0x080008ea   0x0000002c   Code   RO         5820    .text               c_w.l(_printf_char.o)
    0x08000916   0x08000916   0x00000002   PAD
    0x08000918   0x08000918   0x00000008   Code   RO         5911    .text               c_w.l(libspace.o)
    0x08000920   0x08000920   0x00000008   Code   RO         5932    .text               c_w.l(rt_errno_addr_intlibspace.o)
    0x08000928   0x08000928   0x00000034   Code   RO         5938    .text               c_w.l(h1_extend.o)
    0x0800095c   0x0800095c   0x0000000e   Code   RO         5944    .text               c_w.l(defsig_rtmem_outer.o)
    0x0800096a   0x0800096a   0x0000004a   Code   RO         5966    .text               c_w.l(sys_stackheap_outer.o)
    0x080009b4   0x080009b4   0x00000012   Code   RO         5972    .text               c_w.l(exit.o)
    0x080009c6   0x080009c6   0x0000000a   Code   RO         5974    .text               c_w.l(defsig_exit.o)
    0x080009d0   0x080009d0   0x00000050   Code   RO         5976    .text               c_w.l(defsig_rtmem_inner.o)
    0x08000a20   0x08000a20   0x00000032   Code   RO         5998    .text               c_w.l(defsig_general.o)
    0x08000a52   0x08000a52   0x00000008   Code   RO         2579    i.ADC_GetConversionValue  stm32f10x_adc.o
    0x08000a5a   0x08000a5a   0x00000012   Code   RO         2581    i.ADC_GetFlagStatus  stm32f10x_adc.o
    0x08000a6c   0x08000a6c   0x000000b8   Code   RO         2592    i.ADC_RegularChannelConfig  stm32f10x_adc.o
    0x08000b24   0x08000b24   0x00000016   Code   RO         2595    i.ADC_SoftwareStartConvCmd  stm32f10x_adc.o
    0x08000b3a   0x08000b3a   0x00000002   PAD
    0x08000b3c   0x08000b3c   0x0000001c   Code   RO         2793    i.BKP_ReadBackupRegister  stm32f10x_bkp.o
    0x08000b58   0x08000b58   0x0000001c   Code   RO         2797    i.BKP_WriteBackupRegister  stm32f10x_bkp.o
    0x08000b74   0x08000b74   0x00000004   Code   RO            1    i.BusFault_Handler  stm32f10x_it.o
    0x08000b78   0x08000b78   0x00000058   Code   RO         2472    i.CHARGING          adc.o
    0x08000bd0   0x08000bd0   0x00000002   Code   RO            2    i.DebugMon_Handler  stm32f10x_it.o
    0x08000bd2   0x08000bd2   0x0000000a   Code   RO         2171    i.EXTI0_IRQHandler  key.o
    0x08000bdc   0x08000bdc   0x0000000a   Code   RO         2172    i.EXTI2_IRQHandler  key.o
    0x08000be6   0x08000be6   0x0000000a   Code   RO         2173    i.EXTI3_IRQHandler  key.o
    0x08000bf0   0x08000bf0   0x0000000a   Code   RO         2174    i.EXTI4_IRQHandler  key.o
    0x08000bfa   0x08000bfa   0x00000002   PAD
    0x08000bfc   0x08000bfc   0x0000000c   Code   RO         3344    i.EXTI_ClearITPendingBit  stm32f10x_exti.o
    0x08000c08   0x08000c08   0x00000116   Code   RO         3697    i.GPIO_Init         stm32f10x_gpio.o
    0x08000d1e   0x08000d1e   0x00000002   PAD
    0x08000d20   0x08000d20   0x00000090   Code   RO         3699    i.GPIO_PinRemapConfig  stm32f10x_gpio.o
    0x08000db0   0x08000db0   0x00000012   Code   RO         3701    i.GPIO_ReadInputDataBit  stm32f10x_gpio.o
    0x08000dc2   0x08000dc2   0x00000004   Code   RO         3704    i.GPIO_ResetBits    stm32f10x_gpio.o
    0x08000dc6   0x08000dc6   0x00000004   Code   RO         3705    i.GPIO_SetBits      stm32f10x_gpio.o
    0x08000dca   0x08000dca   0x00000002   PAD
    0x08000dcc   0x08000dcc   0x00000034   Code   RO         2473    i.Get_Adc           adc.o
    0x08000e00   0x08000e00   0x0000002e   Code   RO         2474    i.Get_Adc_Average   adc.o
    0x08000e2e   0x08000e2e   0x00000004   Code   RO            3    i.HardFault_Handler  stm32f10x_it.o
    0x08000e32   0x08000e32   0x00000002   PAD
    0x08000e34   0x08000e34   0x0000001c   Code   RO         2302    i.IIC_SDA_IN        iic.o
    0x08000e50   0x08000e50   0x00000024   Code   RO         2303    i.IIC_SDA_OUT       iic.o
    0x08000e74   0x08000e74   0x0000003c   Code   RO         2304    i.IIC_Start         iic.o
    0x08000eb0   0x08000eb0   0x00000038   Code   RO         2305    i.IIC_Stop          iic.o
    0x08000ee8   0x08000ee8   0x00000088   Code   RO         2306    i.IIC_Write_Byte    iic.o
    0x08000f70   0x08000f70   0x00000004   Code   RO            4    i.MemManage_Handler  stm32f10x_it.o
    0x08000f74   0x08000f74   0x00000002   Code   RO            5    i.NMI_Handler       stm32f10x_it.o
    0x08000f76   0x08000f76   0x00000002   PAD
    0x08000f78   0x08000f78   0x00000070   Code   RO         2528    i.NVIC_Init         misc.o
    0x08000fe8   0x08000fe8   0x00000014   Code   RO         2529    i.NVIC_PriorityGroupConfig  misc.o
    0x08000ffc   0x08000ffc   0x00000018   Code   RO         2004    i.OLED_Clear        oled.o
    0x08001014   0x08001014   0x00000024   Code   RO         2005    i.OLED_ColorTurn    oled.o
    0x08001038   0x08001038   0x0000002c   Code   RO         2008    i.OLED_DisplayTurn  oled.o
    0x08001064   0x08001064   0x0000013c   Code   RO         2012    i.OLED_Init         oled.o
    0x080011a0   0x080011a0   0x00000008   Code   RO         2013    i.OLED_Refresh      oled.o
    0x080011a8   0x080011a8   0x00000060   Code   RO         2014    i.OLED_WR_Byte      oled.o
    0x08001208   0x08001208   0x0000008c   Code   RO         2359    i.PCF8563_SetDate   pcf8563_cfg.o
    0x08001294   0x08001294   0x00000060   Code   RO         2362    i.PCF8563_SetTime   pcf8563_cfg.o
    0x080012f4   0x080012f4   0x0000003a   Code   RO         2368    i.PCF8563_Write_nByte  pcf8563_cfg.o
    0x0800132e   0x0800132e   0x00000002   PAD
    0x08001330   0x08001330   0x0000000c   Code   RO         4054    i.PWR_BackupAccessCmd  stm32f10x_pwr.o
    0x0800133c   0x0800133c   0x00000002   Code   RO            6    i.PendSV_Handler    stm32f10x_it.o
    0x0800133e   0x0800133e   0x00000002   PAD
    0x08001340   0x08001340   0x00000020   Code   RO         4116    i.RCC_APB1PeriphClockCmd  stm32f10x_rcc.o
    0x08001360   0x08001360   0x00000020   Code   RO         4117    i.RCC_APB1PeriphResetCmd  stm32f10x_rcc.o
    0x08001380   0x08001380   0x00000020   Code   RO         4118    i.RCC_APB2PeriphClockCmd  stm32f10x_rcc.o
    0x080013a0   0x080013a0   0x00000020   Code   RO         4119    i.RCC_APB2PeriphResetCmd  stm32f10x_rcc.o
    0x080013c0   0x080013c0   0x0000001c   Code   RO         2370    i.RTC_BinToBcd2     pcf8563_cfg.o
    0x080013dc   0x080013dc   0x00000014   Code   RO         4326    i.RTC_WaitForLastTask  stm32f10x_rtc.o
    0x080013f0   0x080013f0   0x00000002   Code   RO            7    i.SVC_Handler       stm32f10x_it.o
    0x080013f2   0x080013f2   0x00000008   Code   RO          131    i.SetSysClock       system_stm32f10x.o
    0x080013fa   0x080013fa   0x00000002   PAD
    0x080013fc   0x080013fc   0x000000e0   Code   RO          132    i.SetSysClockTo72   system_stm32f10x.o
    0x080014dc   0x080014dc   0x00000028   Code   RO         2532    i.SysTick_CLKSourceConfig  misc.o
    0x08001504   0x08001504   0x00000002   Code   RO            8    i.SysTick_Handler   stm32f10x_it.o
    0x08001506   0x08001506   0x00000002   PAD
    0x08001508   0x08001508   0x00000060   Code   RO          134    i.SystemInit        system_stm32f10x.o
    0x08001568   0x08001568   0x00000050   Code   RO         1320    i.TIM2_IRQHandler   millis.o
    0x080015b8   0x080015b8   0x00000060   Code   RO         2122    i.TIM3_IRQHandler   beep.o
    0x08001618   0x08001618   0x0000006c   Code   RO         2123    i.TIM3_PWM_Init_Init  beep.o
    0x08001684   0x08001684   0x00000006   Code   RO         4744    i.TIM_ClearFlag     stm32f10x_tim.o
    0x0800168a   0x0800168a   0x00000006   Code   RO         4745    i.TIM_ClearITPendingBit  stm32f10x_tim.o
    0x08001690   0x08001690   0x00000018   Code   RO         4750    i.TIM_Cmd           stm32f10x_tim.o
    0x080016a8   0x080016a8   0x000001e8   Code   RO         4755    i.TIM_DeInit        stm32f10x_tim.o
    0x08001890   0x08001890   0x00000022   Code   RO         4771    i.TIM_GetITStatus   stm32f10x_tim.o
    0x080018b2   0x080018b2   0x00000012   Code   RO         4775    i.TIM_ITConfig      stm32f10x_tim.o
    0x080018c4   0x080018c4   0x000000a4   Code   RO         4821    i.TIM_TimeBaseInit  stm32f10x_tim.o
    0x08001968   0x08001968   0x00000088   Code   RO         5572    i.USART1_IRQHandler  usart.o
    0x080019f0   0x080019f0   0x00000054   Code   RO         5290    i.USART_GetITStatus  stm32f10x_usart.o
    0x08001a44   0x08001a44   0x0000000a   Code   RO         5300    i.USART_ReceiveData  stm32f10x_usart.o
    0x08001a4e   0x08001a4e   0x00000004   Code   RO            9    i.UsageFault_Handler  stm32f10x_it.o
    0x08001a52   0x08001a52   0x00000002   PAD
    0x08001a54   0x08001a54   0x0000000c   Code   RO         5462    i.WWDG_ClearFlag    stm32f10x_wwdg.o
    0x08001a60   0x08001a60   0x00000014   Code   RO         2507    i.WWDG_IRQHandler   wwdg.o
    0x08001a74   0x08001a74   0x00000010   Code   RO         5467    i.WWDG_SetCounter   stm32f10x_wwdg.o
    0x08001a84   0x08001a84   0x000000b2   Code   RO         1936    i._OLED_DrawLine    watchface.o
    0x08001b36   0x08001b36   0x00000002   PAD
    0x08001b38   0x08001b38   0x00000070   Code   RO         1937    i._OLED_DrawPoint   watchface.o
    0x08001ba8   0x08001ba8   0x00000028   Code   RO         5961    i.__ARM_fpclassify  m_ws.l(fpclassify.o)
    0x08001bd0   0x08001bd0   0x0000001c   Code   RO         1938    i.__SysTick         watchface.o
    0x08001bec   0x08001bec   0x00000388   Code   RO         5898    i.__ieee754_rem_pio2  m_ws.l(rred.o)
    0x08001f74   0x08001f74   0x000000fc   Code   RO         5881    i.__kernel_cos      m_ws.l(cos_i.o)
    0x08002070   0x08002070   0x000000aa   Code   RO         5963    i.__kernel_poly     m_ws.l(poly.o)
    0x0800211a   0x0800211a   0x00000002   PAD
    0x0800211c   0x0800211c   0x000000ec   Code   RO         5903    i.__kernel_sin      m_ws.l(sin_i.o)
    0x08002208   0x08002208   0x00000006   Code   RO         5885    i.__mathlib_dbl_infnan  m_ws.l(dunder.o)
    0x0800220e   0x0800220e   0x0000000c   Code   RO         5887    i.__mathlib_dbl_invalid  m_ws.l(dunder.o)
    0x0800221a   0x0800221a   0x00000002   PAD
    0x0800221c   0x0800221c   0x00000010   Code   RO         5890    i.__mathlib_dbl_underflow  m_ws.l(dunder.o)
    0x0800222c   0x0800222c   0x0000000e   Code   RO         5709    i._is_digit         c_w.l(__printf_wp.o)
    0x0800223a   0x0800223a   0x00000008   Code   RO         5573    i._sys_exit         usart.o
    0x08002242   0x08002242   0x00000008   Code   RO         5574    i._ttywrch          usart.o
    0x0800224a   0x0800224a   0x00000002   PAD
    0x0800224c   0x0800224c   0x00000028   Code   RO         1147    i.addBackOption     menu.o
    0x08002274   0x08002274   0x00000018   Code   RO          391    i.alarm_get         alarm.o
    0x0800228c   0x0800228c   0x00000024   Code   RO          392    i.alarm_getNext     alarm.o
    0x080022b0   0x080022b0   0x00000008   Code   RO          394    i.alarm_init        alarm.o
    0x080022b8   0x080022b8   0x00000010   Code   RO          395    i.alarm_reset       alarm.o
    0x080022c8   0x080022c8   0x00000020   Code   RO          396    i.alarm_save        alarm.o
    0x080022e8   0x080022e8   0x000000ac   Code   RO          397    i.alarm_update      alarm.o
    0x08002394   0x08002394   0x00000008   Code   RO          398    i.alarm_updateNextAlarm  alarm.o
    0x0800239c   0x0800239c   0x00000040   Code   RO          529    i.alarmsDown        alarms.o
    0x080023dc   0x080023dc   0x000000e8   Code   RO          530    i.alarmsDraw        alarms.o
    0x080024c4   0x080024c4   0x00000044   Code   RO          531    i.alarmsUp          alarms.o
    0x08002508   0x08002508   0x0000002e   Code   RO         1350    i.animateIcon       normal.o
    0x08002536   0x08002536   0x0000002e   Code   RO         1939    i.animateIcon       watchface.o
    0x08002564   0x08002564   0x0000000c   Code   RO          588    i.animation_active  animation.o
    0x08002570   0x08002570   0x00000014   Code   RO          590    i.animation_movingOn  animation.o
    0x08002584   0x08002584   0x0000000c   Code   RO          591    i.animation_offsetY  animation.o
    0x08002590   0x08002590   0x00000028   Code   RO          592    i.animation_start   animation.o
    0x080025b8   0x080025b8   0x00000098   Code   RO          593    i.animation_update  animation.o
    0x08002650   0x08002650   0x000001b4   Code   RO          632    i.appconfig_init    appconfig.o
    0x08002804   0x08002804   0x00000030   Code   RO          633    i.appconfig_reset   appconfig.o
    0x08002834   0x08002834   0x000000e8   Code   RO          634    i.appconfig_save    appconfig.o
    0x0800291c   0x0800291c   0x00000020   Code   RO         1148    i.back              menu.o
    0x0800293c   0x0800293c   0x00000008   Code   RO          765    i.batteryUpdate     diag.o
    0x08002944   0x08002944   0x0000001c   Code   RO         1852    i.battery_setUpdate  battery.o
    0x08002960   0x08002960   0x00000044   Code   RO         1853    i.battery_update    battery.o
    0x080029a4   0x080029a4   0x00000018   Code   RO         1854    i.battery_updateNow  battery.o
    0x080029bc   0x080029bc   0x0000000c   Code   RO         1855    i.battery_voltage   battery.o
    0x080029c8   0x080029c8   0x0000000e   Code   RO         1149    i.beginAnimation    menu.o
    0x080029d6   0x080029d6   0x0000000e   Code   RO         1150    i.beginAnimation2   menu.o
    0x080029e4   0x080029e4   0x00000030   Code   RO         1654    i.beginSelect       timedate.o
    0x08002a14   0x08002a14   0x00000016   Code   RO          693    i.bitCount          buttons.o
    0x08002a2a   0x08002a2a   0x00000002   PAD
    0x08002a2c   0x08002a2c   0x00000014   Code   RO         1523    i.btnExit           stopwatch.o
    0x08002a40   0x08002a40   0x0000001c   Code   RO         1524    i.btnReset          stopwatch.o
    0x08002a5c   0x08002a5c   0x00000044   Code   RO         1525    i.btnStartStop      stopwatch.o
    0x08002aa0   0x08002aa0   0x00000018   Code   RO          696    i.buttons_setFunc   buttons.o
    0x08002ab8   0x08002ab8   0x00000010   Code   RO          697    i.buttons_setFuncs  buttons.o
    0x08002ac8   0x08002ac8   0x00000024   Code   RO          700    i.buttons_update    buttons.o
    0x08002aec   0x08002aec   0x000000d0   Code   RO         2124    i.buzzer_buzz       beep.o
    0x08002bbc   0x08002bbc   0x00000018   Code   RO          165    i.c_loop            main.o
    0x08002bd4   0x08002bd4   0x00000050   Code   RO          166    i.c_setup           main.o
    0x08002c24   0x08002c24   0x0000002c   Code   RO         1151    i.checkScroll       menu.o
    0x08002c50   0x08002c50   0x00000010   Code   RO         1152    i.clear             menu.o
    0x08002c60   0x08002c60   0x000001bc   Code   RO          814    i.crt_animation     display.o
    0x08002e1c   0x08002e1c   0x00000044   Code   RO         5534    i.delay_init        delay.o
    0x08002e60   0x08002e60   0x0000004c   Code   RO         5535    i.delay_ms          delay.o
    0x08002eac   0x08002eac   0x0000004c   Code   RO         5536    i.delay_us          delay.o
    0x08002ef8   0x08002ef8   0x00000014   Code   RO          815    i.display_load      display.o
    0x08002f0c   0x08002f0c   0x0000000c   Code   RO          816    i.display_set       display.o
    0x08002f18   0x08002f18   0x00000010   Code   RO          817    i.display_setDrawFunc  display.o
    0x08002f28   0x08002f28   0x000000c4   Code   RO          819    i.display_update    display.o
    0x08002fec   0x08002fec   0x0000000c   Code   RO          953    i.div10             global.o
    0x08002ff8   0x08002ff8   0x00000018   Code   RO         1153    i.doAction          menu.o
    0x08003010   0x08003010   0x00000020   Code   RO         1154    i.doBtn             menu.o
    0x08003030   0x08003030   0x00000014   Code   RO         1351    i.down              normal.o
    0x08003044   0x08003044   0x00000014   Code   RO         1940    i.down              watchface.o
    0x08003058   0x08003058   0x00000060   Code   RO          399    i.draw              alarm.o
    0x080030b8   0x080030b8   0x000000b8   Code   RO         1352    i.draw              normal.o
    0x08003170   0x08003170   0x000001b8   Code   RO         1526    i.draw              stopwatch.o
    0x08003328   0x08003328   0x000003dc   Code   RO         1941    i.draw              watchface.o
    0x08003704   0x08003704   0x00000054   Code   RO         1839    i.drawBattery       ui.o
    0x08003758   0x08003758   0x00000070   Code   RO         1353    i.drawDate          normal.o
    0x080037c8   0x080037c8   0x000000ac   Code   RO         1942    i.drawDate          watchface.o
    0x08003874   0x08003874   0x00000094   Code   RO         1354    i.drawTickerNum     normal.o
    0x08003908   0x08003908   0x00000094   Code   RO         1943    i.drawTickerNum     watchface.o
    0x0800399c   0x0800399c   0x00000040   Code   RO         1155    i.drawTitle         menu.o
    0x080039dc   0x080039dc   0x000001a8   Code   RO          857    i.draw_bitmap       draw.o
    0x08003b84   0x08003b84   0x0000002c   Code   RO          858    i.draw_clearArea    draw.o
    0x08003bb0   0x08003bb0   0x00000008   Code   RO          859    i.draw_end          draw.o
    0x08003bb8   0x08003bb8   0x00000084   Code   RO          860    i.draw_string       draw.o
    0x08003c3c   0x08003c3c   0x00000034   Code   RO         1655    i.endSelect         timedate.o
    0x08003c70   0x08003c70   0x00000018   Code   RO         1156    i.exitSelected      menu.o
    0x08003c88   0x08003c88   0x00000012   Code   RO         2213    i.flash             led.o
    0x08003c9a   0x08003c9a   0x00000006   Code   RO         1037    i.getItemCount      m_main.o
    0x08003ca0   0x08003ca0   0x00000030   Code   RO          532    i.getMaxValForSetting  alarms.o
    0x08003cd0   0x08003cd0   0x00000044   Code   RO         1656    i.getMaxValForSetting  timedate.o
    0x08003d14   0x08003d14   0x000000bc   Code   RO          401    i.getNextAlarm      alarm.o
    0x08003dd0   0x08003dd0   0x00000068   Code   RO          402    i.goingOff          alarm.o
    0x08003e38   0x08003e38   0x00000044   Code   RO          533    i.itemLoader        alarms.o
    0x08003e7c   0x08003e7c   0x0000006c   Code   RO          766    i.itemLoader        diag.o
    0x08003ee8   0x08003ee8   0x0000000e   Code   RO          983    i.itemLoader        m_display.o
    0x08003ef6   0x08003ef6   0x00000002   PAD
    0x08003ef8   0x08003ef8   0x0000008c   Code   RO         1038    i.itemLoader        m_main.o
    0x08003f84   0x08003f84   0x000000a0   Code   RO         1411    i.itemLoader        settings.o
    0x08004024   0x08004024   0x0000000e   Code   RO         1435    i.itemLoader        sleep.o
    0x08004032   0x08004032   0x0000000e   Code   RO         1474    i.itemLoader        sound.o
    0x08004040   0x08004040   0x00000044   Code   RO         1657    i.itemLoader        timedate.o
    0x08004084   0x08004084   0x00000040   Code   RO         2214    i.led_flash         led.o
    0x080040c4   0x080040c4   0x0000001c   Code   RO         2215    i.led_flashing      led.o
    0x080040e0   0x080040e0   0x00000034   Code   RO         2216    i.led_init          led.o
    0x08004114   0x08004114   0x00000028   Code   RO         1157    i.loader            menu.o
    0x0800413c   0x0800413c   0x0000004c   Code   RO          534    i.mAlarmsOpen       alarms.o
    0x08004188   0x08004188   0x00000058   Code   RO          767    i.mDiagOpen         diag.o
    0x080041e0   0x080041e0   0x0000004c   Code   RO          984    i.mDisplayOpen      m_display.o
    0x0800422c   0x0800422c   0x00000028   Code   RO         1658    i.mDown             timedate.o
    0x08004254   0x08004254   0x0000003c   Code   RO         1436    i.mDraw             sleep.o
    0x08004290   0x08004290   0x0000001c   Code   RO         1039    i.mMainOpen         m_main.o
    0x080042ac   0x080042ac   0x00000074   Code   RO         1040    i.mOpen             m_main.o
    0x08004320   0x08004320   0x00000018   Code   RO          535    i.mSelect           alarms.o
    0x08004338   0x08004338   0x00000024   Code   RO          768    i.mSelect           diag.o
    0x0800435c   0x0800435c   0x00000024   Code   RO          985    i.mSelect           m_display.o
    0x08004380   0x08004380   0x00000014   Code   RO         1041    i.mSelect           m_main.o
    0x08004394   0x08004394   0x00000014   Code   RO         1412    i.mSelect           settings.o
    0x080043a8   0x080043a8   0x00000020   Code   RO         1437    i.mSelect           sleep.o
    0x080043c8   0x080043c8   0x00000020   Code   RO         1475    i.mSelect           sound.o
    0x080043e8   0x080043e8   0x00000018   Code   RO         1659    i.mSelect           timedate.o
    0x08004400   0x08004400   0x00000050   Code   RO         1413    i.mSettingsOpen     settings.o
    0x08004450   0x08004450   0x00000058   Code   RO         1438    i.mSleepOpen        sleep.o
    0x080044a8   0x080044a8   0x00000050   Code   RO         1476    i.mSoundOpen        sound.o
    0x080044f8   0x080044f8   0x00000088   Code   RO         1660    i.mTimeDateOpen     timedate.o
    0x08004580   0x08004580   0x00000028   Code   RO         1661    i.mUp               timedate.o
    0x080045a8   0x080045a8   0x0000000c   Code   RO          167    i.main              main.o
    0x080045b4   0x080045b4   0x00000080   Code   RO          536    i.makeAlarmStr      alarms.o
    0x08004634   0x08004634   0x0000004c   Code   RO         1662    i.makeDateStr       timedate.o
    0x08004680   0x08004680   0x00000050   Code   RO         1663    i.makeTimeStr       timedate.o
    0x080046d0   0x080046d0   0x00000018   Code   RO         1158    i.menu_close        menu.o
    0x080046e8   0x080046e8   0x00000014   Code   RO         1159    i.menu_down         menu.o
    0x080046fc   0x080046fc   0x00000038   Code   RO         1160    i.menu_draw         menu.o
    0x08004734   0x08004734   0x00000118   Code   RO         1161    i.menu_drawIcon     menu.o
    0x0800484c   0x0800484c   0x0000005c   Code   RO         1162    i.menu_drawStr      menu.o
    0x080048a8   0x080048a8   0x00000034   Code   RO         1164    i.menu_select       menu.o
    0x080048dc   0x080048dc   0x00000014   Code   RO         1165    i.menu_up           menu.o
    0x080048f0   0x080048f0   0x0000000c   Code   RO         1321    i.millis_get        millis.o
    0x080048fc   0x080048fc   0x00000074   Code   RO         1322    i.millis_init       millis.o
    0x08004970   0x08004970   0x00000010   Code   RO          956    i.mod10             global.o
    0x08004980   0x08004980   0x0000005c   Code   RO         1759    i.next              tune.o
    0x080049dc   0x080049dc   0x00000028   Code   RO         1166    i.nextOption        menu.o
    0x08004a04   0x08004a04   0x00000058   Code   RO         2015    i.oled_flush        oled.o
    0x08004a5c   0x08004a5c   0x0000002c   Code   RO         1167    i.prevOption        menu.o
    0x08004a88   0x08004a88   0x0000006a   Code   RO          702    i.processButton     buttons.o
    0x08004af2   0x08004af2   0x00000002   PAD
    0x08004af4   0x08004af4   0x00000064   Code   RO          703    i.processButtons    buttons.o
    0x08004b58   0x08004b58   0x0000000c   Code   RO         1891    i.pwrmgr_setState   pwrmgr.o
    0x08004b64   0x08004b64   0x00000010   Code   RO          862    i.readPixels        draw.o
    0x08004b74   0x08004b74   0x00000020   Code   RO         1073    i.rtc_save          m_rtc.o
    0x08004b94   0x08004b94   0x00000002   Code   RO         1079    i.rtc_tempUpdate    m_rtc.o
    0x08004b96   0x08004b96   0x00000002   PAD
    0x08004b98   0x08004b98   0x0000003c   Code   RO         1664    i.saveTimeDate      timedate.o
    0x08004bd4   0x08004bd4   0x00000052   Code   RO         2261    i.save_rtc          rtc.o
    0x08004c26   0x08004c26   0x00000002   PAD
    0x08004c28   0x08004c28   0x0000022c   Code   RO          537    i.selectAlarm       alarms.o
    0x08004e54   0x08004e54   0x000000a0   Code   RO         1665    i.selectDate        timedate.o
    0x08004ef4   0x08004ef4   0x000000bc   Code   RO         1666    i.selectTime        timedate.o
    0x08004fb0   0x08004fb0   0x00000018   Code   RO          986    i.setAnimations     m_display.o
    0x08004fc8   0x08004fc8   0x00000058   Code   RO          987    i.setBrightness     m_display.o
    0x08005020   0x08005020   0x0000001a   Code   RO          863    i.setBuffByte       draw.o
    0x0800503a   0x0800503a   0x00000002   PAD
    0x0800503c   0x0800503c   0x00000020   Code   RO          988    i.setInvert         m_display.o
    0x0800505c   0x0800505c   0x00000018   Code   RO          989    i.setLEDs           m_display.o
    0x08005074   0x08005074   0x00000014   Code   RO         1168    i.setMenuFuncs      menu.o
    0x08005088   0x08005088   0x00000024   Code   RO         1169    i.setMenuInfo       menu.o
    0x080050ac   0x080050ac   0x00000110   Code   RO         1170    i.setMenuOption     menu.o
    0x080051bc   0x080051bc   0x00000034   Code   RO         1171    i.setMenuOption_P   menu.o
    0x080051f0   0x080051f0   0x000000b8   Code   RO          990    i.setMenuOptions    m_display.o
    0x080052a8   0x080052a8   0x00000020   Code   RO         1439    i.setMenuOptions    sleep.o
    0x080052c8   0x080052c8   0x00000078   Code   RO         1477    i.setMenuOptions    sound.o
    0x08005340   0x08005340   0x00000024   Code   RO         1172    i.setPrevMenuExit   menu.o
    0x08005364   0x08005364   0x00000020   Code   RO         1173    i.setPrevMenuOpen   menu.o
    0x08005384   0x08005384   0x0000001c   Code   RO          991    i.setRotate         m_display.o
    0x080053a0   0x080053a0   0x00000018   Code   RO          769    i.setShowFPS        diag.o
    0x080053b8   0x080053b8   0x00000018   Code   RO         1440    i.setTimeout        sleep.o
    0x080053d0   0x080053d0   0x0000000c   Code   RO         1478    i.setVolume         sound.o
    0x080053dc   0x080053dc   0x00000020   Code   RO         1479    i.setVolumeAlarm    sound.o
    0x080053fc   0x080053fc   0x00000020   Code   RO         1480    i.setVolumeHour     sound.o
    0x0800541c   0x0800541c   0x00000020   Code   RO         1481    i.setVolumeUI       sound.o
    0x0800543c   0x0800543c   0x00000024   Code   RO          538    i.showAlarmStr      alarms.o
    0x08005460   0x08005460   0x00000020   Code   RO         1667    i.showDateStr       timedate.o
    0x08005480   0x08005480   0x00000020   Code   RO         1668    i.showTimeStr       timedate.o
    0x080054a0   0x080054a0   0x000000a0   Code   RO         5775    i.sin               m_ws.l(sin.o)
    0x08005540   0x08005540   0x0000002c   Code   RO         2128    i.stop              beep.o
    0x0800556c   0x0800556c   0x00000050   Code   RO          404    i.stopAlarm         alarm.o
    0x080055bc   0x080055bc   0x00000014   Code   RO         1527    i.stopwatch_active  stopwatch.o
    0x080055d0   0x080055d0   0x00000028   Code   RO         1528    i.stopwatch_open    stopwatch.o
    0x080055f8   0x080055f8   0x00000048   Code   RO         1529    i.stopwatch_update  stopwatch.o
    0x08005640   0x08005640   0x00000384   Code   RO         1355    i.ticker            normal.o
    0x080059c4   0x080059c4   0x00000354   Code   RO         1944    i.ticker            watchface.o
    0x08005d18   0x08005d18   0x0000005c   Code   RO         1669    i.timeDataDown      timedate.o
    0x08005d74   0x08005d74   0x00000058   Code   RO         1670    i.timeDataUp        timedate.o
    0x08005dcc   0x08005dcc   0x000000f8   Code   RO         1671    i.timeDateDraw      timedate.o
    0x08005ec4   0x08005ec4   0x00000064   Code   RO         1570    i.time_dow          time.o
    0x08005f28   0x08005f28   0x0000001a   Code   RO         1572    i.time_isLeapYear   time.o
    0x08005f42   0x08005f42   0x00000002   PAD
    0x08005f44   0x08005f44   0x00000020   Code   RO         1573    i.time_monthDayCount  time.o
    0x08005f64   0x08005f64   0x00000034   Code   RO         1574    i.time_set          time.o
    0x08005f98   0x08005f98   0x00000054   Code   RO         1577    i.time_timeMode     time.o
    0x08005fec   0x08005fec   0x00000034   Code   RO         1578    i.time_timeStr      time.o
    0x08006020   0x08006020   0x000000b8   Code   RO         1579    i.time_update       time.o
    0x080060d8   0x080060d8   0x0000001e   Code   RO          405    i.toMinutes         alarm.o
    0x080060f6   0x080060f6   0x00000002   PAD
    0x080060f8   0x080060f8   0x0000003c   Code   RO         1760    i.tune_play         tune.o
    0x08006134   0x08006134   0x00000020   Code   RO         1761    i.tune_stop         tune.o
    0x08006154   0x08006154   0x00000014   Code   RO         1356    i.up                normal.o
    0x08006168   0x08006168   0x00000014   Code   RO         1945    i.up                watchface.o
    0x0800617c   0x0800617c   0x00000040   Code   RO          770    i.updateFPS         diag.o
    0x080061bc   0x080061bc   0x00000038   Code   RO          771    i.updateTemperature  diag.o
    0x080061f4   0x080061f4   0x00000038   Code   RO          772    i.updateVoltage     diag.o
    0x0800622c   0x0800622c   0x00000038   Code   RO         1946    i.watchfaceOpen     watchface.o
    0x08006264   0x08006264   0x00000024   Code   RO         1357    i.watchface_normal  normal.o
    0x08006288   0x08006288   0x00000062   Code   RO         5738    x$fpl$d2f           fz_ws.l(d2f.o)
    0x080062ea   0x080062ea   0x00000002   PAD
    0x080062ec   0x080062ec   0x00000150   Code   RO         5740    x$fpl$dadd          fz_ws.l(daddsub_clz.o)
    0x0800643c   0x0800643c   0x00000010   Code   RO         5988    x$fpl$dcheck1       fz_ws.l(dcheck1.o)
    0x0800644c   0x0800644c   0x000002b0   Code   RO         5747    x$fpl$ddiv          fz_ws.l(ddiv.o)
    0x080066fc   0x080066fc   0x0000005e   Code   RO         5953    x$fpl$dfix          fz_ws.l(dfix.o)
    0x0800675a   0x0800675a   0x00000002   PAD
    0x0800675c   0x0800675c   0x0000005a   Code   RO         5750    x$fpl$dfixu         fz_ws.l(dfixu.o)
    0x080067b6   0x080067b6   0x0000002e   Code   RO         5755    x$fpl$dflt          fz_ws.l(dflt_clz.o)
    0x080067e4   0x080067e4   0x00000026   Code   RO         5754    x$fpl$dfltu         fz_ws.l(dflt_clz.o)
    0x0800680a   0x0800680a   0x00000002   PAD
    0x0800680c   0x0800680c   0x00000154   Code   RO         5760    x$fpl$dmul          fz_ws.l(dmul.o)
    0x08006960   0x08006960   0x0000009c   Code   RO         5872    x$fpl$dnaninf       fz_ws.l(dnaninf.o)
    0x080069fc   0x080069fc   0x0000000c   Code   RO         5874    x$fpl$dretinf       fz_ws.l(dretinf.o)
    0x08006a08   0x08006a08   0x00000016   Code   RO         5741    x$fpl$drsb          fz_ws.l(daddsub_clz.o)
    0x08006a1e   0x08006a1e   0x00000002   PAD
    0x08006a20   0x08006a20   0x000001d4   Code   RO         5742    x$fpl$dsub          fz_ws.l(daddsub_clz.o)
    0x08006bf4   0x08006bf4   0x00000056   Code   RO         5762    x$fpl$f2d           fz_ws.l(f2d.o)
    0x08006c4a   0x08006c4a   0x00000002   PAD
    0x08006c4c   0x08006c4c   0x00000184   Code   RO         5765    x$fpl$fdiv          fz_ws.l(fdiv.o)
    0x08006dd0   0x08006dd0   0x00000026   Code   RO         5768    x$fpl$ffltu         fz_ws.l(fflt_clz.o)
    0x08006df6   0x08006df6   0x0000008c   Code   RO         5876    x$fpl$fnaninf       fz_ws.l(fnaninf.o)
    0x08006e82   0x08006e82   0x0000000a   Code   RO         5878    x$fpl$fretinf       fz_ws.l(fretinf.o)
    0x08006e8c   0x08006e8c   0x00000064   Code   RO         6018    x$fpl$retnan        fz_ws.l(retnan.o)
    0x08006ef0   0x08006ef0   0x0000005c   Code   RO         5959    x$fpl$scalbn        fz_ws.l(scalbn.o)
    0x08006f4c   0x08006f4c   0x00000030   Code   RO         6029    x$fpl$trapveneer    fz_ws.l(trapv.o)
    0x08006f7c   0x08006f7c   0x00000000   Code   RO         5880    x$fpl$usenofp       fz_ws.l(usenofp.o)
    0x08006f7c   0x08006f7c   0x00000005   Data   RO         1175    .constdata          menu.o
    0x08006f81   0x08006f81   0x00001448   Data   RO         1398    .constdata          resources.o
    0x080083c9   0x080083c9   0x0000000c   Data   RO         1582    .constdata          time.o
    0x080083d5   0x080083d5   0x00000001   PAD
    0x080083d6   0x080083d6   0x00000058   Data   RO         1827    .constdata          tunes.o
    0x0800842e   0x0800842e   0x00000002   PAD
    0x08008430   0x08008430   0x00000060   Data   RO         1948    .constdata          watchface.o
    0x08008490   0x08008490   0x00000011   Data   RO         5717    .constdata          c_w.l(__printf_flags_ss_wp.o)
    0x080084a1   0x080084a1   0x00000007   PAD
    0x080084a8   0x080084a8   0x00000030   Data   RO         5882    .constdata          m_ws.l(cos_i.o)
    0x080084d8   0x080084d8   0x000000c8   Data   RO         5900    .constdata          m_ws.l(rred.o)
    0x080085a0   0x080085a0   0x00000028   Data   RO         5904    .constdata          m_ws.l(sin_i.o)
    0x080085c8   0x080085c8   0x00000020   Data   RO         6050    Region$$Table       anon$$obj.o


    Execution Region RW_IRAM1 (Exec base: 0x20000000, Load base: 0x080085e8, Size: 0x00002428, Max: 0x00010000, ABSOLUTE, COMPRESSED[0x00000e84])

    Exec Addr    Load Addr    Size         Type   Attr      Idx    E Section Name        Object

    0x20000000   COMPRESSED   0x00000014   Data   RW          135    .data               system_stm32f10x.o
    0x20000014   COMPRESSED   0x00000027   Data   RW          406    .data               alarm.o
    0x2000003b   COMPRESSED   0x00000001   PAD
    0x2000003c   COMPRESSED   0x0000000d   Data   RW          539    .data               alarms.o
    0x20000049   COMPRESSED   0x00000001   PAD
    0x2000004a   COMPRESSED   0x00000036   Data   RW          636    .data               appconfig.o
    0x20000080   COMPRESSED   0x00000001   Data   RW          705    .data               buttons.o
    0x20000081   COMPRESSED   0x00000003   PAD
    0x20000084   COMPRESSED   0x00000008   Data   RW          773    .data               diag.o
    0x2000008c   COMPRESSED   0x00000010   Data   RW          820    .data               display.o
    0x2000009c   COMPRESSED   0x00000008   Data   RW          992    .data               m_display.o
    0x200000a4   COMPRESSED   0x00000008   Data   RW         1042    .data               m_main.o
    0x200000ac   COMPRESSED   0x0000000c   Data   RW         1176    .data               menu.o
    0x200000b8   COMPRESSED   0x00000004   Data   RW         1323    .data               millis.o
    0x200000bc   COMPRESSED   0x0000000d   Data   RW         1358    .data               normal.o
    0x200000c9   COMPRESSED   0x00000003   PAD
    0x200000cc   COMPRESSED   0x00000008   Data   RW         1414    .data               settings.o
    0x200000d4   COMPRESSED   0x00000008   Data   RW         1441    .data               sleep.o
    0x200000dc   COMPRESSED   0x00000008   Data   RW         1482    .data               sound.o
    0x200000e4   COMPRESSED   0x0000000c   Data   RW         1530    .data               stopwatch.o
    0x200000f0   COMPRESSED   0x00000009   Data   RW         1583    .data               time.o
    0x200000f9   COMPRESSED   0x00000003   PAD
    0x200000fc   COMPRESSED   0x00000012   Data   RW         1672    .data               timedate.o
    0x2000010e   COMPRESSED   0x00000002   PAD
    0x20000110   COMPRESSED   0x0000000a   Data   RW         1762    .data               tune.o
    0x2000011a   COMPRESSED   0x00000004   Data   RW         1856    .data               battery.o
    0x2000011e   COMPRESSED   0x00000008   Data   RW         1896    .data               pwrmgr.o
    0x20000126   COMPRESSED   0x00000002   PAD
    0x20000128   COMPRESSED   0x000010fd   Data   RW         1949    .data               watchface.o
    0x20001225   COMPRESSED   0x00000003   PAD
    0x20001228   COMPRESSED   0x00000010   Data   RW         2129    .data               beep.o
    0x20001238   COMPRESSED   0x00000004   Data   RW         2219    .data               led.o
    0x2000123c   COMPRESSED   0x00000008   Data   RW         2371    .data               pcf8563_cfg.o
    0x20001244   COMPRESSED   0x00000006   Data   RW         2475    .data               adc.o
    0x2000124a   COMPRESSED   0x00000001   Data   RW         2509    .data               wwdg.o
    0x2000124b   COMPRESSED   0x00000001   PAD
    0x2000124c   COMPRESSED   0x00000004   Data   RW         5537    .data               delay.o
    0x20001250   COMPRESSED   0x00000006   Data   RW         5578    .data               usart.o
    0x20001256   COMPRESSED   0x00000002   PAD
    0x20001258        -       0x0000000c   Zero   RW          594    .bss                animation.o
    0x20001264        -       0x00000010   Zero   RW          635    .bss                appconfig.o
    0x20001274        -       0x00000040   Zero   RW          704    .bss                buttons.o
    0x200012b4        -       0x00000024   Zero   RW         1174    .bss                menu.o
    0x200012d8        -       0x00000009   Zero   RW         1581    .bss                time.o
    0x200012e1        -       0x00000218   Zero   RW         1947    .bss                watchface.o
    0x200014f9        -       0x00000800   Zero   RW         2016    .bss                oled.o
    0x20001cf9        -       0x000000c8   Zero   RW         5577    .bss                usart.o
    0x20001dc1   COMPRESSED   0x00000003   PAD
    0x20001dc4        -       0x00000060   Zero   RW         5912    .bss                c_w.l(libspace.o)
    0x20001e24   COMPRESSED   0x00000004   PAD
    0x20001e28        -       0x00000200   Zero   RW         5528    HEAP                startup_stm32f10x_hd.o
    0x20002028        -       0x00000400   Zero   RW         5527    STACK               startup_stm32f10x_hd.o


==============================================================================

Image component sizes


      Code (inc. data)   RO Data    RW Data    ZI Data      Debug   Object Name

       186         16          0          6          0       2548   adc.o
       794        118          0         39          0      10246   alarm.o
      1300        206          0         13          0       6454   alarms.o
       236         28          0          0         12       2861   animation.o
       716         30          0         54         16       4766   appconfig.o
       132         38          0          4          0       2091   battery.o
       456         78          0         16          0       2713   beep.o
       304         26          0          1         64       3922   buttons.o
         0          0          0          0          0         32   core_cm3.o
       220         26          0          4          0       1707   delay.o
       440        154          0          8          0       3772   diag.o
       688         48          0         16          0       4108   display.o
       650         18          0          0          0       5216   draw.o
        28          0          0          0          0        944   global.o
       316         38          0          0          0       2551   iic.o
        40          0          0          0          0       1820   key.o
       162         24          0          4          0       2726   led.o
       506        160          0          8          0       4127   m_display.o
       310        142          0          8          0       2340   m_main.o
        34          0          0          0          0       6741   m_rtc.o
       116         12          0          0          0     219481   main.o
      1420        180          5         12         36      14866   menu.o
       208         20          0          4          0       1672   millis.o
       172         22          0          0          0       2045   misc.o
      1466        138          0         13          0       5323   normal.o
       612         26          0          0       2048       6615   oled.o
       322         10          0          8          0       8575   pcf8563_cfg.o
        12          6          0          8          0       1218   pwrmgr.o
         0          0       5192          0          0       2501   resources.o
        82          0          0          0          0        551   rtc.o
       260        132          0          8          0       1536   settings.o
       250         80          0          8          0       2817   sleep.o
       354         94          0          8          0       3905   sound.o
        64         26        304          0       1536        804   startup_stm32f10x_hd.o
       232          0          0          0          0       4635   stm32f10x_adc.o
        56         10          0          0          0       2195   stm32f10x_bkp.o
        12          6          0          0          0        521   stm32f10x_exti.o
       448          6          0          0          0       4478   stm32f10x_gpio.o
        26          0          0          0          0      42942   stm32f10x_it.o
        12          6          0          0          0        506   stm32f10x_pwr.o
       128         24          0          0          0       2276   stm32f10x_rcc.o
        20          4          0          0          0        474   stm32f10x_rtc.o
       740        106          0          0          0       4851   stm32f10x_tim.o
        94          0          0          0          0       2728   stm32f10x_usart.o
        28         10          0          0          0        971   stm32f10x_wwdg.o
       688         90          0         12          0       4127   stopwatch.o
       328         28          0         20          0       2077   system_stm32f10x.o
       530         48         12          9          9       4720   time.o
      1532        346          0         18          0       8864   timedate.o
       184         44          0         10          0       2100   tune.o
         0          0         88          0          0        843   tunes.o
        84         18          0          0          0        514   ui.o
       152         14          0          6        200       3407   usart.o
      2620        204         96       4349        536       8397   watchface.o
        20          4          0          1          0        685   wwdg.o

    ----------------------------------------------------------------------
     20832       2864       5732       4696       4460     445905   Object Totals
         0          0         32          0          0          0   (incl. Generated)
        42          0          3         21          3          0   (incl. Padding)

    ----------------------------------------------------------------------

      Code (inc. data)   RO Data    RW Data    ZI Data      Debug   Library Member Name

       100          0          0          0          0          0   __dclz77c.o
         8          0          0          0          0         68   __main.o
       392          4         17          0          0         92   __printf_flags_ss_wp.o
        14          0          0          0          0         68   __printf_wp.o
         0          0          0          0          0          0   __rtentry.o
        12          0          0          0          0          0   __rtentry2.o
         6          0          0          0          0          0   __rtentry4.o
        52          8          0          0          0          0   __scatter.o
        28          0          0          0          0          0   __scatter_zi.o
         6          0          0          0          0          0   _printf_c.o
        44          0          0          0          0        108   _printf_char.o
        48          6          0          0          0         96   _printf_char_common.o
         6          0          0          0          0          0   _printf_d.o
       120         16          0          0          0         92   _printf_dec.o
       178          0          0          0          0         88   _printf_intcommon.o
        78          0          0          0          0        108   _printf_pad.o
         0          0          0          0          0          0   _printf_percent.o
         4          0          0          0          0          0   _printf_percent_end.o
         6          0          0          0          0          0   _printf_s.o
        82          0          0          0          0         80   _printf_str.o
        36          0          0          0          0         84   _printf_truncate.o
         6          0          0          0          0          0   _printf_u.o
        22          0          0          0          0        100   _rserrno.o
        10          0          0          0          0         68   _sputc.o
        16          0          0          0          0         68   aeabi_memset.o
        10          0          0          0          0         68   defsig_exit.o
        50          0          0          0          0         88   defsig_general.o
        80         58          0          0          0         76   defsig_rtmem_inner.o
        14          0          0          0          0         80   defsig_rtmem_outer.o
        18          0          0          0          0         80   exit.o
        94          0          0          0          0         80   h1_alloc.o
        52          0          0          0          0         68   h1_extend.o
        78          0          0          0          0         80   h1_free.o
        14          0          0          0          0         84   h1_init.o
         6          0          0          0          0        152   heapauxi.o
         4          0          0          0          0        136   hguard.o
       138          0          0          0          0        168   init_alloc.o
         2          0          0          0          0          0   libinit.o
        10          0          0          0          0          0   libinit2.o
         2          0          0          0          0          0   libshutdown.o
         2          0          0          0          0          0   libshutdown2.o
         8          4          0          0         96         68   libspace.o
         0          0          0          0          0          0   maybetermalloc1.o
        40          6          0          0          0         84   noretval__2sprintf.o
         8          4          0          0          0         68   rt_errno_addr_intlibspace.o
         8          4          0          0          0         68   rt_heap_descriptor_intlibspace.o
        68          0          0          0          0         68   rt_memclr.o
        78          0          0          0          0         80   rt_memclr_w.o
         2          0          0          0          0          0   rtexit.o
        10          0          0          0          0          0   rtexit2.o
        72          0          0          0          0         80   strcpy.o
        62          0          0          0          0         76   strlen.o
        74          0          0          0          0         80   sys_stackheap_outer.o
         2          0          0          0          0         68   use_no_semi.o
         2          0          0          0          0         68   use_no_semi_2.o
        98          4          0          0          0         92   d2f.o
       826         16          0          0          0        348   daddsub_clz.o
        16          4          0          0          0         68   dcheck1.o
       688        140          0          0          0        208   ddiv.o
        94          4          0          0          0         92   dfix.o
        90          4          0          0          0         92   dfixu.o
        84          0          0          0          0        136   dflt_clz.o
       340         12          0          0          0        104   dmul.o
       156          4          0          0          0         92   dnaninf.o
        12          0          0          0          0         68   dretinf.o
        86          4          0          0          0         84   f2d.o
       388         76          0          0          0         96   fdiv.o
        38          0          0          0          0         68   fflt_clz.o
       140          4          0          0          0         84   fnaninf.o
        10          0          0          0          0         68   fretinf.o
       100          0          0          0          0         68   retnan.o
        92          0          0          0          0         68   scalbn.o
        48          0          0          0          0         68   trapv.o
         0          0          0          0          0          0   usenofp.o
       252         22         48          0          0        124   cos_i.o
        34          6          0          0          0        204   dunder.o
        40          0          0          0          0         68   fpclassify.o
       170          0          0          0          0         96   poly.o
       904         76        200          0          0        140   rred.o
       160         10          0          0          0        108   sin.o
       236         12         40          0          0        128   sin_i.o

    ----------------------------------------------------------------------
      7404        508        312          0        100       5860   Library Totals
        20          0          7          0          4          0   (incl. Padding)

    ----------------------------------------------------------------------

      Code (inc. data)   RO Data    RW Data    ZI Data      Debug   Library Name

      2282        110         17          0         96       3088   c_w.l
      3306        272          0          0          0       1904   fz_ws.l
      1796        126        288          0          0        868   m_ws.l

    ----------------------------------------------------------------------
      7404        508        312          0        100       5860   Library Totals

    ----------------------------------------------------------------------

==============================================================================


      Code (inc. data)   RO Data    RW Data    ZI Data      Debug   

     28236       3372       6044       4696       4560     435017   Grand Totals
     28236       3372       6044       3716       4560     435017   ELF Image Totals (compressed)
     28236       3372       6044       3716          0          0   ROM Totals

==============================================================================

    Total RO  Size (Code + RO Data)                34280 (  33.48kB)
    Total RW  Size (RW Data + ZI Data)              9256 (   9.04kB)
    Total ROM Size (Code + RO Data + RW Data)      37996 (  37.11kB)

==============================================================================

